Device_Functions.c:11:6:Init	8	static
Device_Functions.c:23:6:BlinkLed	16	static
Device_Functions.c:48:6:Display_Init	8	static
Device_Functions.c:56:6:Display_Led_Red1	8	static
Device_Functions.c:60:6:Display_Led_Green1	8	static
Device_Functions.c:64:6:Display_Led_Yellow1	8	static
Device_Functions.c:69:6:Display_Led_Red2	8	static
Device_Functions.c:73:6:Display_Led_Green2	8	static
Device_Functions.c:77:6:Display_Led_Yellow2	8	static
Device_Functions.c:83:6:Display_P_Led_Red1	8	static
Device_Functions.c:87:6:Display_P_Led_Green1	8	static
Device_Functions.c:92:6:Display_P_Led_Reset	8	static
Device_Functions.c:102:6:Buzzer	16	static
Device_Functions.c:107:6:Buzzer_Off	4	static
Device_Functions.c:115:6:uart_run	8	static
