Archive member included to satisfy reference by file (symbol)

d:/tool/stm32cubeide_1.7.0/stm32/stm32cubeide_1.7.0/stm32cubeide/plugins/com.st.stm32cube.ide.mcu.externaltools.gnu-tools-for-stm32.9-2020-q2-update.win32_2.0.0.202105311346/tools/bin/../lib/gcc/arm-none-eabi/9.3.1/../../../../arm-none-eabi/lib/thumb/v7-m/nofp\libc_nano.a(lib_a-errno.o)
                              ./Core/Src/syscalls.o (__errno)
d:/tool/stm32cubeide_1.7.0/stm32/stm32cubeide_1.7.0/stm32cubeide/plugins/com.st.stm32cube.ide.mcu.externaltools.gnu-tools-for-stm32.9-2020-q2-update.win32_2.0.0.202105311346/tools/bin/../lib/gcc/arm-none-eabi/9.3.1/../../../../arm-none-eabi/lib/thumb/v7-m/nofp\libc_nano.a(lib_a-exit.o)
                              d:/tool/stm32cubeide_1.7.0/stm32/stm32cubeide_1.7.0/stm32cubeide/plugins/com.st.stm32cube.ide.mcu.externaltools.gnu-tools-for-stm32.9-2020-q2-update.win32_2.0.0.202105311346/tools/bin/../lib/gcc/arm-none-eabi/9.3.1/../../../../arm-none-eabi/lib/thumb/v7-m/nofp/crt0.o (exit)
d:/tool/stm32cubeide_1.7.0/stm32/stm32cubeide_1.7.0/stm32cubeide/plugins/com.st.stm32cube.ide.mcu.externaltools.gnu-tools-for-stm32.9-2020-q2-update.win32_2.0.0.202105311346/tools/bin/../lib/gcc/arm-none-eabi/9.3.1/../../../../arm-none-eabi/lib/thumb/v7-m/nofp\libc_nano.a(lib_a-impure.o)
                              d:/tool/stm32cubeide_1.7.0/stm32/stm32cubeide_1.7.0/stm32cubeide/plugins/com.st.stm32cube.ide.mcu.externaltools.gnu-tools-for-stm32.9-2020-q2-update.win32_2.0.0.202105311346/tools/bin/../lib/gcc/arm-none-eabi/9.3.1/../../../../arm-none-eabi/lib/thumb/v7-m/nofp\libc_nano.a(lib_a-exit.o) (_global_impure_ptr)
d:/tool/stm32cubeide_1.7.0/stm32/stm32cubeide_1.7.0/stm32cubeide/plugins/com.st.stm32cube.ide.mcu.externaltools.gnu-tools-for-stm32.9-2020-q2-update.win32_2.0.0.202105311346/tools/bin/../lib/gcc/arm-none-eabi/9.3.1/../../../../arm-none-eabi/lib/thumb/v7-m/nofp\libc_nano.a(lib_a-init.o)
                              d:/tool/stm32cubeide_1.7.0/stm32/stm32cubeide_1.7.0/stm32cubeide/plugins/com.st.stm32cube.ide.mcu.externaltools.gnu-tools-for-stm32.9-2020-q2-update.win32_2.0.0.202105311346/tools/bin/../lib/gcc/arm-none-eabi/9.3.1/../../../../arm-none-eabi/lib/thumb/v7-m/nofp/crt0.o (__libc_init_array)
d:/tool/stm32cubeide_1.7.0/stm32/stm32cubeide_1.7.0/stm32cubeide/plugins/com.st.stm32cube.ide.mcu.externaltools.gnu-tools-for-stm32.9-2020-q2-update.win32_2.0.0.202105311346/tools/bin/../lib/gcc/arm-none-eabi/9.3.1/../../../../arm-none-eabi/lib/thumb/v7-m/nofp\libc_nano.a(lib_a-memset.o)
                              d:/tool/stm32cubeide_1.7.0/stm32/stm32cubeide_1.7.0/stm32cubeide/plugins/com.st.stm32cube.ide.mcu.externaltools.gnu-tools-for-stm32.9-2020-q2-update.win32_2.0.0.202105311346/tools/bin/../lib/gcc/arm-none-eabi/9.3.1/../../../../arm-none-eabi/lib/thumb/v7-m/nofp/crt0.o (memset)
d:/tool/stm32cubeide_1.7.0/stm32/stm32cubeide_1.7.0/stm32cubeide/plugins/com.st.stm32cube.ide.mcu.externaltools.gnu-tools-for-stm32.9-2020-q2-update.win32_2.0.0.202105311346/tools/bin/../lib/gcc/arm-none-eabi/9.3.1/../../../../arm-none-eabi/lib/thumb/v7-m/nofp\libc_nano.a(lib_a-sprintf.o)
                              ./Core/Src/main.o (sprintf)
d:/tool/stm32cubeide_1.7.0/stm32/stm32cubeide_1.7.0/stm32cubeide/plugins/com.st.stm32cube.ide.mcu.externaltools.gnu-tools-for-stm32.9-2020-q2-update.win32_2.0.0.202105311346/tools/bin/../lib/gcc/arm-none-eabi/9.3.1/../../../../arm-none-eabi/lib/thumb/v7-m/nofp\libc_nano.a(lib_a-nano-svfprintf.o)
                              d:/tool/stm32cubeide_1.7.0/stm32/stm32cubeide_1.7.0/stm32cubeide/plugins/com.st.stm32cube.ide.mcu.externaltools.gnu-tools-for-stm32.9-2020-q2-update.win32_2.0.0.202105311346/tools/bin/../lib/gcc/arm-none-eabi/9.3.1/../../../../arm-none-eabi/lib/thumb/v7-m/nofp\libc_nano.a(lib_a-sprintf.o) (_svfprintf_r)
d:/tool/stm32cubeide_1.7.0/stm32/stm32cubeide_1.7.0/stm32cubeide/plugins/com.st.stm32cube.ide.mcu.externaltools.gnu-tools-for-stm32.9-2020-q2-update.win32_2.0.0.202105311346/tools/bin/../lib/gcc/arm-none-eabi/9.3.1/../../../../arm-none-eabi/lib/thumb/v7-m/nofp\libc_nano.a(lib_a-nano-vfprintf_i.o)
                              d:/tool/stm32cubeide_1.7.0/stm32/stm32cubeide_1.7.0/stm32cubeide/plugins/com.st.stm32cube.ide.mcu.externaltools.gnu-tools-for-stm32.9-2020-q2-update.win32_2.0.0.202105311346/tools/bin/../lib/gcc/arm-none-eabi/9.3.1/../../../../arm-none-eabi/lib/thumb/v7-m/nofp\libc_nano.a(lib_a-nano-svfprintf.o) (_printf_i)
d:/tool/stm32cubeide_1.7.0/stm32/stm32cubeide_1.7.0/stm32cubeide/plugins/com.st.stm32cube.ide.mcu.externaltools.gnu-tools-for-stm32.9-2020-q2-update.win32_2.0.0.202105311346/tools/bin/../lib/gcc/arm-none-eabi/9.3.1/../../../../arm-none-eabi/lib/thumb/v7-m/nofp\libc_nano.a(lib_a-memchr-stub.o)
[...]
Memory Configuration

Name             Origin             Length             Attributes
RAM              0x0000000020000000 0x0000000000005000 xrw
FLASH            0x0000000008000000 0x0000000000020000 xr
*default*        0x0000000000000000 0xffffffffffffffff

Linker script and memory map

LOAD d:/tool/stm32cubeide_1.7.0/stm32/stm32cubeide_1.7.0/stm32cubeide/plugins/com.st.stm32cube.ide.mcu.externaltools.gnu-tools-for-stm32.9-2020-q2-update.win32_2.0.0.202105311346/tools/bin/../lib/gcc/arm-none-eabi/9.3.1/thumb/v7-m/nofp/crti.o
LOAD d:/tool/stm32cubeide_1.7.0/stm32/stm32cubeide_1.7.0/stm32cubeide/plugins/com.st.stm32cube.ide.mcu.externaltools.gnu-tools-for-stm32.9-2020-q2-update.win32_2.0.0.202105311346/tools/bin/../lib/gcc/arm-none-eabi/9.3.1/thumb/v7-m/nofp/crtbegin.o
LOAD d:/tool/stm32cubeide_1.7.0/stm32/stm32cubeide_1.7.0/stm32cubeide/plugins/com.st.stm32cube.ide.mcu.externaltools.gnu-tools-for-stm32.9-2020-q2-update.win32_2.0.0.202105311346/tools/bin/../lib/gcc/arm-none-eabi/9.3.1/../../../../arm-none-eabi/lib/thumb/v7-m/nofp/crt0.o
LOAD ./Core/Src/Display.o
LOAD ./Core/Src/Software_timer.o
LOAD ./Core/Src/button.o
LOAD ./Core/Src/fsm_automatic.o
LOAD ./Core/Src/fsm_manual.o
LOAD ./Core/Src/global.o
LOAD ./Core/Src/main.o
LOAD ./Core/Src/modification_mode.o
LOAD ./Core/Src/stm32f1xx_hal_msp.o
LOAD ./Core/Src/stm32f1xx_it.o
LOAD ./Core/Src/syscalls.o
LOAD ./Core/Src/sysmem.o
LOAD ./Core/Src/system_stm32f1xx.o
LOAD ./Core/Startup/startup_stm32f103rbtx.o
LOAD ./Drivers/STM32F1xx_HAL_Driver/Src/stm32f1xx_hal.o
LOAD ./Drivers/STM32F1xx_HAL_Driver/Src/stm32f1xx_hal_cortex.o
LOAD ./Drivers/STM32F1xx_HAL_Driver/Src/stm32f1xx_hal_dma.o
LOAD ./Drivers/STM32F1xx_HAL_Driver/Src/stm32f1xx_hal_exti.o
LOAD ./Drivers/STM32F1xx_HAL_Driver/Src/stm32f1xx_hal_flash.o
LOAD ./Drivers/STM32F1xx_HAL_Driver/Src/stm32f1xx_hal_flash_ex.o
LOAD ./Drivers/STM32F1xx_HAL_Driver/Src/stm32f1xx_hal_gpio.o
LOAD ./Drivers/STM32F1xx_HAL_Driver/Src/stm32f1xx_hal_gpio_ex.o
LOAD ./Drivers/STM32F1xx_HAL_Driver/Src/stm32f1xx_hal_pwr.o
LOAD ./Drivers/STM32F1xx_HAL_Driver/Src/stm32f1xx_hal_rcc.o
LOAD ./Drivers/STM32F1xx_HAL_Driver/Src/stm32f1xx_hal_rcc_ex.o
LOAD ./Drivers/STM32F1xx_HAL_Driver/Src/stm32f1xx_hal_tim.o
LOAD ./Drivers/STM32F1xx_HAL_Driver/Src/stm32f1xx_hal_tim_ex.o
LOAD ./Drivers/STM32F1xx_HAL_Driver/Src/stm32f1xx_hal_uart.o
START GROUP
LOAD d:/tool/stm32cubeide_1.7.0/stm32/stm32cubeide_1.7.0/stm32cubeide/plugins/com.st.stm32cube.ide.mcu.externaltools.gnu-tools-for-stm32.9-2020-q2-update.win32_2.0.0.202105311346/tools/bin/../lib/gcc/arm-none-eabi/9.3.1/../../../../arm-none-eabi/lib/thumb/v7-m/nofp\libc_nano.a
LOAD d:/tool/stm32cubeide_1.7.0/stm32/stm32cubeide_1.7.0/stm32cubeide/plugins/com.st.stm32cube.ide.mcu.externaltools.gnu-tools-for-stm32.9-2020-q2-update.win32_2.0.0.202105311346/tools/bin/../lib/gcc/arm-none-eabi/9.3.1/../../../../arm-none-eabi/lib/thumb/v7-m/nofp\libm.a
END GROUP
START GROUP
LOAD d:/tool/stm32cubeide_1.7.0/stm32/stm32cubeide_1.7.0/stm32cubeide/plugins/com.st.stm32cube.ide.mcu.externaltools.gnu-tools-for-stm32.9-2020-q2-update.win32_2.0.0.202105311346/tools/bin/../lib/gcc/arm-none-eabi/9.3.1/thumb/v7-m/nofp\libgcc.a
LOAD d:/tool/stm32cubeide_1.7.0/stm32/stm32cubeide_1.7.0/stm32cubeide/plugins/com.st.stm32cube.ide.mcu.externaltools.gnu-tools-for-stm32.9-2020-q2-update.win32_2.0.0.202105311346/tools/bin/../lib/gcc/arm-none-eabi/9.3.1/../../../../arm-none-eabi/lib/thumb/v7-m/nofp\libc_nano.a
END GROUP
START GROUP
LOAD d:/tool/stm32cubeide_1.7.0/stm32/stm32cubeide_1.7.0/stm32cubeide/plugins/com.st.stm32cube.ide.mcu.externaltools.gnu-tools-for-stm32.9-2020-q2-update.win32_2.0.0.202105311346/tools/bin/../lib/gcc/arm-none-eabi/9.3.1/thumb/v7-m/nofp\libgcc.a
LOAD d:/tool/stm32cubeide_1.7.0/stm32/stm32cubeide_1.7.0/stm32cubeide/plugins/com.st.stm32cube.ide.mcu.externaltools.gnu-tools-for-stm32.9-2020-q2-update.win32_2.0.0.202105311346/tools/bin/../lib/gcc/arm-none-eabi/9.3.1/../../../../arm-none-eabi/lib/thumb/v7-m/nofp\libc_nano.a
LOAD d:/tool/stm32cubeide_1.7.0/stm32/stm32cubeide_1.7.0/stm32cubeide/plugins/com.st.stm32cube.ide.mcu.externaltools.gnu-tools-for-stm32.9-2020-q2-update.win32_2.0.0.202105311346/tools/bin/../lib/gcc/arm-none-eabi/9.3.1/../../../../arm-none-eabi/lib/thumb/v7-m/nofp\libnosys.a
END GROUP
START GROUP
LOAD d:/tool/stm32cubeide_1.7.0/stm32/stm32cubeide_1.7.0/stm32cubeide/plugins/com.st.stm32cube.ide.mcu.externaltools.gnu-tools-for-stm32.9-2020-q2-update.win32_2.0.0.202105311346/tools/bin/../lib/gcc/arm-none-eabi/9.3.1/thumb/v7-m/nofp\libgcc.a
LOAD d:/tool/stm32cubeide_1.7.0/stm32/stm32cubeide_1.7.0/stm32cubeide/plugins/com.st.stm32cube.ide.mcu.externaltools.gnu-tools-for-stm32.9-2020-q2-update.win32_2.0.0.202105311346/tools/bin/../lib/gcc/arm-none-eabi/9.3.1/../../../../arm-none-eabi/lib/thumb/v7-m/nofp\libc_nano.a
LOAD d:/tool/stm32cubeide_1.7.0/stm32/stm32cubeide_1.7.0/stm32cubeide/plugins/com.st.stm32cube.ide.mcu.externaltools.gnu-tools-for-stm32.9-2020-q2-update.win32_2.0.0.202105311346/tools/bin/../lib/gcc/arm-none-eabi/9.3.1/../../../../arm-none-eabi/lib/thumb/v7-m/nofp\libnosys.a
END GROUP
LOAD d:/tool/stm32cubeide_1.7.0/stm32/stm32cubeide_1.7.0/stm32cubeide/plugins/com.st.stm32cube.ide.mcu.externaltools.gnu-tools-for-stm32.9-2020-q2-update.win32_2.0.0.202105311346/tools/bin/../lib/gcc/arm-none-eabi/9.3.1/thumb/v7-m/nofp/crtend.o
LOAD d:/tool/stm32cubeide_1.7.0/stm32/stm32cubeide_1.7.0/stm32cubeide/plugins/com.st.stm32cube.ide.mcu.externaltools.gnu-tools-for-stm32.9-2020-q2-update.win32_2.0.0.202105311346/tools/bin/../lib/gcc/arm-none-eabi/9.3.1/thumb/v7-m/nofp/crtn.o
                0x0000000020005000                _estack = (ORIGIN (RAM) + LENGTH (RAM))
                0x0000000000000200                _Min_Heap_Size = 0x200
                0x0000000000000400                _Min_Stack_Size = 0x400

.isr_vector     0x0000000008000000      0x10c
                0x0000000008000000                . = ALIGN (0x4)
 *(.isr_vector)
 .isr_vector    0x0000000008000000      0x10c ./Core/Startup/startup_stm32f103rbtx.o
                0x0000000008000000                g_pfnVectors
                0x000000000800010c                . = ALIGN (0x4)

.text           0x000000000800010c     0x4488
                0x000000000800010c                . = ALIGN (0x4)
 *(.text)
 .text          0x000000000800010c       0x40 d:/tool/stm32cubeide_1.7.0/stm32/stm32cubeide_1.7.0/stm32cubeide/plugins/com.st.stm32cube.ide.mcu.externaltools.gnu-tools-for-stm32.9-2020-q2-update.win32_2.0.0.202105311346/tools/bin/../lib/gcc/arm-none-eabi/9.3.1/thumb/v7-m/nofp/crtbegin.o
 *(.text*)
 .text.BlinkLed
                0x000000000800014c       0x70 ./Core/Src/Display.o
                0x000000000800014c                BlinkLed
 .text.Display_Init
                0x00000000080001bc       0x3c ./Core/Src/Display.o
                0x00000000080001bc                Display_Init
 .text.Display_Led_Red1
                0x00000000080001f8       0x28 ./Core/Src/Display.o
                0x00000000080001f8                Display_Led_Red1
 .text.Display_Led_Green1
                0x0000000008000220       0x28 ./Core/Src/Display.o
                0x0000000008000220                Display_Led_Green1
 .text.Display_Led_Yellow1
                0x0000000008000248       0x28 ./Core/Src/Display.o
                0x0000000008000248                Display_Led_Yellow1
 .text.Display_Led_Red2
                0x0000000008000270       0x20 ./Core/Src/Display.o
                0x0000000008000270                Display_Led_Red2
 .text.Display_Led_Green2
                0x0000000008000290       0x20 ./Core/Src/Display.o
                0x0000000008000290                Display_Led_Green2
 .text.Display_Led_Yellow2
                0x00000000080002b0       0x20 ./Core/Src/Display.o
                0x00000000080002b0                Display_Led_Yellow2
 .text.Display_P_Led_Reset
                0x00000000080002d0       0x24 ./Core/Src/Display.o
                0x00000000080002d0                Display_P_Led_Reset
 .text.Display_P_Led_Red1
                0x00000000080002f4       0x24 ./Core/Src/Display.o
                0x00000000080002f4                Display_P_Led_Red1
 .text.Display_P_Led_Green1
                0x0000000008000318       0x24 ./Core/Src/Display.o
                0x0000000008000318                Display_P_Led_Green1
 .text.setTimer1
                0x000000000800033c       0x38 ./Core/Src/Software_timer.o
                0x000000000800033c                setTimer1
 .text.setTimer2
                0x0000000008000374       0x38 ./Core/Src/Software_timer.o
                0x0000000008000374                setTimer2
 .text.setTimer3
                0x00000000080003ac       0x38 ./Core/Src/Software_timer.o
                0x00000000080003ac                setTimer3
 .text.setTimer4
                0x00000000080003e4       0x38 ./Core/Src/Software_timer.o
                0x00000000080003e4                setTimer4
 .text.setTimer5
                0x000000000800041c       0x38 ./Core/Src/Software_timer.o
                0x000000000800041c                setTimer5
 .text.timerRun
                0x0000000008000454       0xd4 ./Core/Src/Software_timer.o
                0x0000000008000454                timerRun
 .text.ReadButton
                0x0000000008000528       0x68 ./Core/Src/button.o
                0x0000000008000528                ReadButton
 .text.subKeyProcess
                0x0000000008000590       0x20 ./Core/Src/button.o
                0x0000000008000590                subKeyProcess
 .text.isButtonPressed
                0x00000000080005b0       0x34 ./Core/Src/button.o
                0x00000000080005b0                isButtonPressed
 .text.getKeyInput
                0x00000000080005e4       0xf8 ./Core/Src/button.o
                0x00000000080005e4                getKeyInput
 .text.press_ped_lag
                0x00000000080006dc       0x18 ./Core/Src/fsm_automatic.o
                0x00000000080006dc                press_ped_lag
 .text.reset_ped_led
                0x00000000080006f4       0x18 ./Core/Src/fsm_automatic.o
                0x00000000080006f4                reset_ped_led
 .text.fsm_automatic_run
                0x000000000800070c      0x244 ./Core/Src/fsm_automatic.o
                0x000000000800070c                fsm_automatic_run
 .text.fsm_manial_run
                0x0000000008000950       0xe8 ./Core/Src/fsm_manual.o
                0x0000000008000950                fsm_manial_run
 .text.set_Time_Auto_Red
                0x0000000008000a38       0x1c ./Core/Src/global.o
                0x0000000008000a38                set_Time_Auto_Red
 .text.set_Time_Auto_Green
                0x0000000008000a54       0x1c ./Core/Src/global.o
                0x0000000008000a54                set_Time_Auto_Green
 .text.set_Time_Auto_Yellow
                0x0000000008000a70       0x1c ./Core/Src/global.o
                0x0000000008000a70                set_Time_Auto_Yellow
 .text.set_time_value
                0x0000000008000a8c       0x1c ./Core/Src/global.o
                0x0000000008000a8c                set_time_value
 .text.HAL_UART_RxCpltCallback
                0x0000000008000aa8       0x74 ./Core/Src/main.o
                0x0000000008000aa8                HAL_UART_RxCpltCallback
 .text.Buzzer   0x0000000008000b1c        0xc ./Core/Src/main.o
                0x0000000008000b1c                Buzzer
 .text.main     0x0000000008000b28       0xf8 ./Core/Src/main.o
                0x0000000008000b28                main
 .text.SystemClock_Config
                0x0000000008000c20       0x82 ./Core/Src/main.o
                0x0000000008000c20                SystemClock_Config
 *fill*         0x0000000008000ca2        0x2 
 .text.MX_TIM2_Init
                0x0000000008000ca4       0x98 ./Core/Src/main.o
 .text.MX_TIM3_Init
                0x0000000008000d3c       0xec ./Core/Src/main.o
 .text.MX_USART2_UART_Init
                0x0000000008000e28       0x54 ./Core/Src/main.o
 .text.MX_GPIO_Init
                0x0000000008000e7c       0xdc ./Core/Src/main.o
 .text.HAL_TIM_PeriodElapsedCallback
                0x0000000008000f58       0x18 ./Core/Src/main.o
                0x0000000008000f58                HAL_TIM_PeriodElapsedCallback
 .text.Error_Handler
                0x0000000008000f70        0xa ./Core/Src/main.o
                0x0000000008000f70                Error_Handler
 *fill*         0x0000000008000f7a        0x2 
 .text.modification_mode
                0x0000000008000f7c      0x108 ./Core/Src/modification_mode.o
                0x0000000008000f7c                modification_mode
 .text.HAL_MspInit
                0x0000000008001084       0x64 ./Core/Src/stm32f1xx_hal_msp.o
                0x0000000008001084                HAL_MspInit
 .text.HAL_TIM_Base_MspInit
                0x00000000080010e8       0x70 ./Core/Src/stm32f1xx_hal_msp.o
                0x00000000080010e8                HAL_TIM_Base_MspInit
 .text.HAL_TIM_MspPostInit
                0x0000000008001158       0x64 ./Core/Src/stm32f1xx_hal_msp.o
                0x0000000008001158                HAL_TIM_MspPostInit
 .text.HAL_UART_MspInit
                0x00000000080011bc       0xa4 ./Core/Src/stm32f1xx_hal_msp.o
                0x00000000080011bc                HAL_UART_MspInit
 .text.NMI_Handler
                0x0000000008001260        0x6 ./Core/Src/stm32f1xx_it.o
                0x0000000008001260                NMI_Handler
 .text.HardFault_Handler
                0x0000000008001266        0x6 ./Core/Src/stm32f1xx_it.o
                0x0000000008001266                HardFault_Handler
 .text.MemManage_Handler
                0x000000000800126c        0x6 ./Core/Src/stm32f1xx_it.o
                0x000000000800126c                MemManage_Handler
 .text.BusFault_Handler
                0x0000000008001272        0x6 ./Core/Src/stm32f1xx_it.o
                0x0000000008001272                BusFault_Handler
 .text.UsageFault_Handler
                0x0000000008001278        0x6 ./Core/Src/stm32f1xx_it.o
                0x0000000008001278                UsageFault_Handler
 .text.SVC_Handler
                0x000000000800127e        0xc ./Core/Src/stm32f1xx_it.o
                0x000000000800127e                SVC_Handler
 .text.DebugMon_Handler
                0x000000000800128a        0xc ./Core/Src/stm32f1xx_it.o
                0x000000000800128a                DebugMon_Handler
 .text.PendSV_Handler
                0x0000000008001296        0xc ./Core/Src/stm32f1xx_it.o
                0x0000000008001296                PendSV_Handler
 .text.SysTick_Handler
                0x00000000080012a2        0xc ./Core/Src/stm32f1xx_it.o
                0x00000000080012a2                SysTick_Handler
 *fill*         0x00000000080012ae        0x2 
 .text.TIM2_IRQHandler
                0x00000000080012b0       0x14 ./Core/Src/stm32f1xx_it.o
                0x00000000080012b0                TIM2_IRQHandler
 .text.USART2_IRQHandler
                0x00000000080012c4       0x14 ./Core/Src/stm32f1xx_it.o
                0x00000000080012c4                USART2_IRQHandler
 .text._sbrk    0x00000000080012d8       0x6c ./Core/Src/sysmem.o
                0x00000000080012d8                _sbrk
 .text.SystemInit
                0x0000000008001344        0xc ./Core/Src/system_stm32f1xx.o
                0x0000000008001344                SystemInit
 .text.Reset_Handler
                0x0000000008001350       0x48 ./Core/Startup/startup_stm32f103rbtx.o
                0x0000000008001350                Reset_Handler
 .text.Default_Handler
                0x0000000008001398        0x2 ./Core/Startup/startup_stm32f103rbtx.o
                0x0000000008001398                RTC_Alarm_IRQHandler
                0x0000000008001398                EXTI2_IRQHandler
                0x0000000008001398                TIM1_CC_IRQHandler
                0x0000000008001398                PVD_IRQHandler
                0x0000000008001398                EXTI3_IRQHandler
                0x0000000008001398                EXTI0_IRQHandler
                0x0000000008001398                I2C2_EV_IRQHandler
                0x0000000008001398                ADC1_2_IRQHandler
                0x0000000008001398                SPI1_IRQHandler
                0x0000000008001398                TAMPER_IRQHandler
                0x0000000008001398                DMA1_Channel4_IRQHandler
                0x0000000008001398                USART3_IRQHandler
                0x0000000008001398                RTC_IRQHandler
                0x0000000008001398                DMA1_Channel7_IRQHandler
                0x0000000008001398                CAN1_RX1_IRQHandler
                0x0000000008001398                TIM4_IRQHandler
                0x0000000008001398                I2C1_EV_IRQHandler
                0x0000000008001398                DMA1_Channel6_IRQHandler
                0x0000000008001398                TIM3_IRQHandler
                0x0000000008001398                RCC_IRQHandler
                0x0000000008001398                TIM1_TRG_COM_IRQHandler
                0x0000000008001398                DMA1_Channel1_IRQHandler
                0x0000000008001398                Default_Handler
                0x0000000008001398                EXTI15_10_IRQHandler
                0x0000000008001398                EXTI9_5_IRQHandler
                0x0000000008001398                SPI2_IRQHandler
                0x0000000008001398                DMA1_Channel5_IRQHandler
                0x0000000008001398                EXTI4_IRQHandler
                0x0000000008001398                USB_LP_CAN1_RX0_IRQHandler
                0x0000000008001398                USB_HP_CAN1_TX_IRQHandler
                0x0000000008001398                DMA1_Channel3_IRQHandler
                0x0000000008001398                TIM1_UP_IRQHandler
                0x0000000008001398                WWDG_IRQHandler
                0x0000000008001398                TIM1_BRK_IRQHandler
                0x0000000008001398                EXTI1_IRQHandler
                0x0000000008001398                I2C2_ER_IRQHandler
                0x0000000008001398                DMA1_Channel2_IRQHandler
                0x0000000008001398                CAN1_SCE_IRQHandler
                0x0000000008001398                FLASH_IRQHandler
                0x0000000008001398                USART1_IRQHandler
                0x0000000008001398                I2C1_ER_IRQHandler
                0x0000000008001398                USBWakeUp_IRQHandler
 *fill*         0x000000000800139a        0x2 
 .text.HAL_Init
                0x000000000800139c       0x2c ./Drivers/STM32F1xx_HAL_Driver/Src/stm32f1xx_hal.o
                0x000000000800139c                HAL_Init
 .text.HAL_InitTick
                0x00000000080013c8       0x60 ./Drivers/STM32F1xx_HAL_Driver/Src/stm32f1xx_hal.o
                0x00000000080013c8                HAL_InitTick
 .text.HAL_IncTick
                0x0000000008001428       0x24 ./Drivers/STM32F1xx_HAL_Driver/Src/stm32f1xx_hal.o
                0x0000000008001428                HAL_IncTick
 .text.HAL_GetTick
                0x000000000800144c       0x14 ./Drivers/STM32F1xx_HAL_Driver/Src/stm32f1xx_hal.o
                0x000000000800144c                HAL_GetTick
 .text.__NVIC_SetPriorityGrouping
                0x0000000008001460       0x48 ./Drivers/STM32F1xx_HAL_Driver/Src/stm32f1xx_hal_cortex.o
 .text.__NVIC_GetPriorityGrouping
                0x00000000080014a8       0x1c ./Drivers/STM32F1xx_HAL_Driver/Src/stm32f1xx_hal_cortex.o
 .text.__NVIC_EnableIRQ
                0x00000000080014c4       0x38 ./Drivers/STM32F1xx_HAL_Driver/Src/stm32f1xx_hal_cortex.o
 .text.__NVIC_SetPriority
                0x00000000080014fc       0x54 ./Drivers/STM32F1xx_HAL_Driver/Src/stm32f1xx_hal_cortex.o
 .text.NVIC_EncodePriority
                0x0000000008001550       0x64 ./Drivers/STM32F1xx_HAL_Driver/Src/stm32f1xx_hal_cortex.o
 .text.SysTick_Config
                0x00000000080015b4       0x44 ./Drivers/STM32F1xx_HAL_Driver/Src/stm32f1xx_hal_cortex.o
 .text.HAL_NVIC_SetPriorityGrouping
                0x00000000080015f8       0x16 ./Drivers/STM32F1xx_HAL_Driver/Src/stm32f1xx_hal_cortex.o
                0x00000000080015f8                HAL_NVIC_SetPriorityGrouping
 .text.HAL_NVIC_SetPriority
                0x000000000800160e       0x38 ./Drivers/STM32F1xx_HAL_Driver/Src/stm32f1xx_hal_cortex.o
                0x000000000800160e                HAL_NVIC_SetPriority
 .text.HAL_NVIC_EnableIRQ
                0x0000000008001646       0x1c ./Drivers/STM32F1xx_HAL_Driver/Src/stm32f1xx_hal_cortex.o
                0x0000000008001646                HAL_NVIC_EnableIRQ
 .text.HAL_SYSTICK_Config
                0x0000000008001662       0x18 ./Drivers/STM32F1xx_HAL_Driver/Src/stm32f1xx_hal_cortex.o
                0x0000000008001662                HAL_SYSTICK_Config
 .text.HAL_DMA_Abort
                0x000000000800167a       0x74 ./Drivers/STM32F1xx_HAL_Driver/Src/stm32f1xx_hal_dma.o
                0x000000000800167a                HAL_DMA_Abort
 *fill*         0x00000000080016ee        0x2 
 .text.HAL_DMA_Abort_IT
                0x00000000080016f0       0xec ./Drivers/STM32F1xx_HAL_Driver/Src/stm32f1xx_hal_dma.o
                0x00000000080016f0                HAL_DMA_Abort_IT
 .text.HAL_GPIO_Init
                0x00000000080017dc      0x308 ./Drivers/STM32F1xx_HAL_Driver/Src/stm32f1xx_hal_gpio.o
                0x00000000080017dc                HAL_GPIO_Init
 .text.HAL_GPIO_ReadPin
                0x0000000008001ae4       0x2e ./Drivers/STM32F1xx_HAL_Driver/Src/stm32f1xx_hal_gpio.o
                0x0000000008001ae4                HAL_GPIO_ReadPin
 .text.HAL_GPIO_WritePin
                0x0000000008001b12       0x30 ./Drivers/STM32F1xx_HAL_Driver/Src/stm32f1xx_hal_gpio.o
                0x0000000008001b12                HAL_GPIO_WritePin
 *fill*         0x0000000008001b42        0x2 
 .text.HAL_RCC_OscConfig
                0x0000000008001b44      0x500 ./Drivers/STM32F1xx_HAL_Driver/Src/stm32f1xx_hal_rcc.o
                0x0000000008001b44                HAL_RCC_OscConfig
 .text.HAL_RCC_ClockConfig
                0x0000000008002044      0x1d4 ./Drivers/STM32F1xx_HAL_Driver/Src/stm32f1xx_hal_rcc.o
                0x0000000008002044                HAL_RCC_ClockConfig
 .text.HAL_RCC_GetSysClockFreq
                0x0000000008002218       0xc0 ./Drivers/STM32F1xx_HAL_Driver/Src/stm32f1xx_hal_rcc.o
                0x0000000008002218                HAL_RCC_GetSysClockFreq
 .text.HAL_RCC_GetHCLKFreq
                0x00000000080022d8       0x14 ./Drivers/STM32F1xx_HAL_Driver/Src/stm32f1xx_hal_rcc.o
                0x00000000080022d8                HAL_RCC_GetHCLKFreq
 .text.HAL_RCC_GetPCLK1Freq
                0x00000000080022ec       0x28 ./Drivers/STM32F1xx_HAL_Driver/Src/stm32f1xx_hal_rcc.o
                0x00000000080022ec                HAL_RCC_GetPCLK1Freq
 .text.HAL_RCC_GetPCLK2Freq
                0x0000000008002314       0x28 ./Drivers/STM32F1xx_HAL_Driver/Src/stm32f1xx_hal_rcc.o
                0x0000000008002314                HAL_RCC_GetPCLK2Freq
 .text.RCC_Delay
                0x000000000800233c       0x3c ./Drivers/STM32F1xx_HAL_Driver/Src/stm32f1xx_hal_rcc.o
 .text.HAL_TIM_Base_Init
                0x0000000008002378       0x9e ./Drivers/STM32F1xx_HAL_Driver/Src/stm32f1xx_hal_tim.o
                0x0000000008002378                HAL_TIM_Base_Init
 *fill*         0x0000000008002416        0x2 
 .text.HAL_TIM_Base_Start_IT
                0x0000000008002418       0xa4 ./Drivers/STM32F1xx_HAL_Driver/Src/stm32f1xx_hal_tim.o
                0x0000000008002418                HAL_TIM_Base_Start_IT
 .text.HAL_TIM_PWM_Init
                0x00000000080024bc       0x9e ./Drivers/STM32F1xx_HAL_Driver/Src/stm32f1xx_hal_tim.o
                0x00000000080024bc                HAL_TIM_PWM_Init
 .text.HAL_TIM_PWM_MspInit
                0x000000000800255a       0x12 ./Drivers/STM32F1xx_HAL_Driver/Src/stm32f1xx_hal_tim.o
                0x000000000800255a                HAL_TIM_PWM_MspInit
 .text.HAL_TIM_PWM_Start
                0x000000000800256c      0x144 ./Drivers/STM32F1xx_HAL_Driver/Src/stm32f1xx_hal_tim.o
                0x000000000800256c                HAL_TIM_PWM_Start
 .text.HAL_TIM_IRQHandler
                0x00000000080026b0      0x210 ./Drivers/STM32F1xx_HAL_Driver/Src/stm32f1xx_hal_tim.o
                0x00000000080026b0                HAL_TIM_IRQHandler
 .text.HAL_TIM_PWM_ConfigChannel
                0x00000000080028c0      0x17c ./Drivers/STM32F1xx_HAL_Driver/Src/stm32f1xx_hal_tim.o
                0x00000000080028c0                HAL_TIM_PWM_ConfigChannel
 .text.HAL_TIM_ConfigClockSource
                0x0000000008002a3c      0x188 ./Drivers/STM32F1xx_HAL_Driver/Src/stm32f1xx_hal_tim.o
                0x0000000008002a3c                HAL_TIM_ConfigClockSource
 .text.HAL_TIM_OC_DelayElapsedCallback
                0x0000000008002bc4       0x12 ./Drivers/STM32F1xx_HAL_Driver/Src/stm32f1xx_hal_tim.o
                0x0000000008002bc4                HAL_TIM_OC_DelayElapsedCallback
 .text.HAL_TIM_IC_CaptureCallback
                0x0000000008002bd6       0x12 ./Drivers/STM32F1xx_HAL_Driver/Src/stm32f1xx_hal_tim.o
                0x0000000008002bd6                HAL_TIM_IC_CaptureCallback
 .text.HAL_TIM_PWM_PulseFinishedCallback
                0x0000000008002be8       0x12 ./Drivers/STM32F1xx_HAL_Driver/Src/stm32f1xx_hal_tim.o
                0x0000000008002be8                HAL_TIM_PWM_PulseFinishedCallback
 .text.HAL_TIM_TriggerCallback
                0x0000000008002bfa       0x12 ./Drivers/STM32F1xx_HAL_Driver/Src/stm32f1xx_hal_tim.o
                0x0000000008002bfa                HAL_TIM_TriggerCallback
 .text.TIM_Base_SetConfig
                0x0000000008002c0c       0xc4 ./Drivers/STM32F1xx_HAL_Driver/Src/stm32f1xx_hal_tim.o
                0x0000000008002c0c                TIM_Base_SetConfig
 .text.TIM_OC1_SetConfig
                0x0000000008002cd0       0xcc ./Drivers/STM32F1xx_HAL_Driver/Src/stm32f1xx_hal_tim.o
 .text.TIM_OC2_SetConfig
                0x0000000008002d9c       0xd4 ./Drivers/STM32F1xx_HAL_Driver/Src/stm32f1xx_hal_tim.o
                0x0000000008002d9c                TIM_OC2_SetConfig
 .text.TIM_OC3_SetConfig
                0x0000000008002e70       0xd4 ./Drivers/STM32F1xx_HAL_Driver/Src/stm32f1xx_hal_tim.o
 .text.TIM_OC4_SetConfig
                0x0000000008002f44       0x9c ./Drivers/STM32F1xx_HAL_Driver/Src/stm32f1xx_hal_tim.o
 .text.TIM_TI1_ConfigInputStage
                0x0000000008002fe0       0x5c ./Drivers/STM32F1xx_HAL_Driver/Src/stm32f1xx_hal_tim.o
 .text.TIM_TI2_ConfigInputStage
                0x000000000800303c       0x5e ./Drivers/STM32F1xx_HAL_Driver/Src/stm32f1xx_hal_tim.o
 .text.TIM_ITRx_SetConfig
                0x000000000800309a       0x34 ./Drivers/STM32F1xx_HAL_Driver/Src/stm32f1xx_hal_tim.o
 .text.TIM_ETR_SetConfig
                0x00000000080030ce       0x3e ./Drivers/STM32F1xx_HAL_Driver/Src/stm32f1xx_hal_tim.o
                0x00000000080030ce                TIM_ETR_SetConfig
 .text.TIM_CCxChannelCmd
                0x000000000800310c       0x48 ./Drivers/STM32F1xx_HAL_Driver/Src/stm32f1xx_hal_tim.o
                0x000000000800310c                TIM_CCxChannelCmd
 .text.HAL_TIMEx_MasterConfigSynchronization
                0x0000000008003154       0xbc ./Drivers/STM32F1xx_HAL_Driver/Src/stm32f1xx_hal_tim_ex.o
                0x0000000008003154                HAL_TIMEx_MasterConfigSynchronization
 .text.HAL_TIMEx_CommutCallback
                0x0000000008003210       0x12 ./Drivers/STM32F1xx_HAL_Driver/Src/stm32f1xx_hal_tim_ex.o
                0x0000000008003210                HAL_TIMEx_CommutCallback
 .text.HAL_TIMEx_BreakCallback
                0x0000000008003222       0x12 ./Drivers/STM32F1xx_HAL_Driver/Src/stm32f1xx_hal_tim_ex.o
                0x0000000008003222                HAL_TIMEx_BreakCallback
 .text.HAL_UART_Init
                0x0000000008003234       0x9a ./Drivers/STM32F1xx_HAL_Driver/Src/stm32f1xx_hal_uart.o
                0x0000000008003234                HAL_UART_Init
 .text.HAL_UART_Transmit
                0x00000000080032ce      0x124 ./Drivers/STM32F1xx_HAL_Driver/Src/stm32f1xx_hal_uart.o
                0x00000000080032ce                HAL_UART_Transmit
 .text.HAL_UART_Receive_IT
                0x00000000080033f2       0x60 ./Drivers/STM32F1xx_HAL_Driver/Src/stm32f1xx_hal_uart.o
                0x00000000080033f2                HAL_UART_Receive_IT
 *fill*         0x0000000008003452        0x2 
 .text.HAL_UART_IRQHandler
                0x0000000008003454      0x354 ./Drivers/STM32F1xx_HAL_Driver/Src/stm32f1xx_hal_uart.o
                0x0000000008003454                HAL_UART_IRQHandler
 .text.HAL_UART_TxCpltCallback
                0x00000000080037a8       0x12 ./Drivers/STM32F1xx_HAL_Driver/Src/stm32f1xx_hal_uart.o
                0x00000000080037a8                HAL_UART_TxCpltCallback
 .text.HAL_UART_ErrorCallback
                0x00000000080037ba       0x12 ./Drivers/STM32F1xx_HAL_Driver/Src/stm32f1xx_hal_uart.o
                0x00000000080037ba                HAL_UART_ErrorCallback
 .text.HAL_UARTEx_RxEventCallback
                0x00000000080037cc       0x16 ./Drivers/STM32F1xx_HAL_Driver/Src/stm32f1xx_hal_uart.o
                0x00000000080037cc                HAL_UARTEx_RxEventCallback
 .text.UART_WaitOnFlagUntilTimeout
                0x00000000080037e2       0x94 ./Drivers/STM32F1xx_HAL_Driver/Src/stm32f1xx_hal_uart.o
 .text.UART_Start_Receive_IT
                0x0000000008003876       0x72 ./Drivers/STM32F1xx_HAL_Driver/Src/stm32f1xx_hal_uart.o
                0x0000000008003876                UART_Start_Receive_IT
 .text.UART_EndRxTransfer
                0x00000000080038e8       0x58 ./Drivers/STM32F1xx_HAL_Driver/Src/stm32f1xx_hal_uart.o
 .text.UART_DMAAbortOnError
                0x0000000008003940       0x28 ./Drivers/STM32F1xx_HAL_Driver/Src/stm32f1xx_hal_uart.o
 .text.UART_Transmit_IT
                0x0000000008003968       0x9e ./Drivers/STM32F1xx_HAL_Driver/Src/stm32f1xx_hal_uart.o
 .text.UART_EndTransmit_IT
                0x0000000008003a06       0x30 ./Drivers/STM32F1xx_HAL_Driver/Src/stm32f1xx_hal_uart.o
 .text.UART_Receive_IT
                0x0000000008003a36      0x152 ./Drivers/STM32F1xx_HAL_Driver/Src/stm32f1xx_hal_uart.o
 .text.UART_SetConfig
                0x0000000008003b88      0x11c ./Drivers/STM32F1xx_HAL_Driver/Src/stm32f1xx_hal_uart.o
 .text.__errno  0x0000000008003ca4        0xc d:/tool/stm32cubeide_1.7.0/stm32/stm32cubeide_1.7.0/stm32cubeide/plugins/com.st.stm32cube.ide.mcu.externaltools.gnu-tools-for-stm32.9-2020-q2-update.win32_2.0.0.202105311346/tools/bin/../lib/gcc/arm-none-eabi/9.3.1/../../../../arm-none-eabi/lib/thumb/v7-m/nofp\libc_nano.a(lib_a-errno.o)
                0x0000000008003ca4                __errno
 .text.__libc_init_array
                0x0000000008003cb0       0x48 d:/tool/stm32cubeide_1.7.0/stm32/stm32cubeide_1.7.0/stm32cubeide/plugins/com.st.stm32cube.ide.mcu.externaltools.gnu-tools-for-stm32.9-2020-q2-update.win32_2.0.0.202105311346/tools/bin/../lib/gcc/arm-none-eabi/9.3.1/../../../../arm-none-eabi/lib/thumb/v7-m/nofp\libc_nano.a(lib_a-init.o)
                0x0000000008003cb0                __libc_init_array
 .text.memset   0x0000000008003cf8       0x10 d:/tool/stm32cubeide_1.7.0/stm32/stm32cubeide_1.7.0/stm32cubeide/plugins/com.st.stm32cube.ide.mcu.externaltools.gnu-tools-for-stm32.9-2020-q2-update.win32_2.0.0.202105311346/tools/bin/../lib/gcc/arm-none-eabi/9.3.1/../../../../arm-none-eabi/lib/thumb/v7-m/nofp\libc_nano.a(lib_a-memset.o)
                0x0000000008003cf8                memset
 .text.sprintf  0x0000000008003d08       0x40 d:/tool/stm32cubeide_1.7.0/stm32/stm32cubeide_1.7.0/stm32cubeide/plugins/com.st.stm32cube.ide.mcu.externaltools.gnu-tools-for-stm32.9-2020-q2-update.win32_2.0.0.202105311346/tools/bin/../lib/gcc/arm-none-eabi/9.3.1/../../../../arm-none-eabi/lib/thumb/v7-m/nofp\libc_nano.a(lib_a-sprintf.o)
                0x0000000008003d08                siprintf
                0x0000000008003d08                sprintf
 .text.__ssputs_r
                0x0000000008003d48       0xb6 d:/tool/stm32cubeide_1.7.0/stm32/stm32cubeide_1.7.0/stm32cubeide/plugins/com.st.stm32cube.ide.mcu.externaltools.gnu-tools-for-stm32.9-2020-q2-update.win32_2.0.0.202105311346/tools/bin/../lib/gcc/arm-none-eabi/9.3.1/../../../../arm-none-eabi/lib/thumb/v7-m/nofp\libc_nano.a(lib_a-nano-svfprintf.o)
                0x0000000008003d48                __ssputs_r
 *fill*         0x0000000008003dfe        0x2 
 .text._svfprintf_r
                0x0000000008003e00      0x200 d:/tool/stm32cubeide_1.7.0/stm32/stm32cubeide_1.7.0/stm32cubeide/plugins/com.st.stm32cube.ide.mcu.externaltools.gnu-tools-for-stm32.9-2020-q2-update.win32_2.0.0.202105311346/tools/bin/../lib/gcc/arm-none-eabi/9.3.1/../../../../arm-none-eabi/lib/thumb/v7-m/nofp\libc_nano.a(lib_a-nano-svfprintf.o)
                0x0000000008003e00                _svfiprintf_r
                0x0000000008003e00                _svfprintf_r
 .text._printf_common
                0x0000000008004000       0xde d:/tool/stm32cubeide_1.7.0/stm32/stm32cubeide_1.7.0/stm32cubeide/plugins/com.st.stm32cube.ide.mcu.externaltools.gnu-tools-for-stm32.9-2020-q2-update.win32_2.0.0.202105311346/tools/bin/../lib/gcc/arm-none-eabi/9.3.1/../../../../arm-none-eabi/lib/thumb/v7-m/nofp\libc_nano.a(lib_a-nano-vfprintf_i.o)
                0x0000000008004000                _printf_common
 *fill*         0x00000000080040de        0x2 
 .text._printf_i
                0x00000000080040e0      0x24c d:/tool/stm32cubeide_1.7.0/stm32/stm32cubeide_1.7.0/stm32cubeide/plugins/com.st.stm32cube.ide.mcu.externaltools.gnu-tools-for-stm32.9-2020-q2-update.win32_2.0.0.202105311346/tools/bin/../lib/gcc/arm-none-eabi/9.3.1/../../../../arm-none-eabi/lib/thumb/v7-m/nofp\libc_nano.a(lib_a-nano-vfprintf_i.o)
                0x00000000080040e0                _printf_i
 .text.memchr   0x000000000800432c       0x1c d:/tool/stm32cubeide_1.7.0/stm32/stm32cubeide_1.7.0/stm32cubeide/plugins/com.st.stm32cube.ide.mcu.externaltools.gnu-tools-for-stm32.9-2020-q2-update.win32_2.0.0.202105311346/tools/bin/../lib/gcc/arm-none-eabi/9.3.1/../../../../arm-none-eabi/lib/thumb/v7-m/nofp\libc_nano.a(lib_a-memchr-stub.o)
                0x000000000800432c                memchr
 .text.memcpy   0x0000000008004348       0x1c d:/tool/stm32cubeide_1.7.0/stm32/stm32cubeide_1.7.0/stm32cubeide/plugins/com.st.stm32cube.ide.mcu.externaltools.gnu-tools-for-stm32.9-2020-q2-update.win32_2.0.0.202105311346/tools/bin/../lib/gcc/arm-none-eabi/9.3.1/../../../../arm-none-eabi/lib/thumb/v7-m/nofp\libc_nano.a(lib_a-memcpy-stub.o)
                0x0000000008004348                memcpy
 .text.memmove  0x0000000008004364       0x34 d:/tool/stm32cubeide_1.7.0/stm32/stm32cubeide_1.7.0/stm32cubeide/plugins/com.st.stm32cube.ide.mcu.externaltools.gnu-tools-for-stm32.9-2020-q2-update.win32_2.0.0.202105311346/tools/bin/../lib/gcc/arm-none-eabi/9.3.1/../../../../arm-none-eabi/lib/thumb/v7-m/nofp\libc_nano.a(lib_a-memmove.o)
                0x0000000008004364                memmove
 .text._free_r  0x0000000008004398       0x98 d:/tool/stm32cubeide_1.7.0/stm32/stm32cubeide_1.7.0/stm32cubeide/plugins/com.st.stm32cube.ide.mcu.externaltools.gnu-tools-for-stm32.9-2020-q2-update.win32_2.0.0.202105311346/tools/bin/../lib/gcc/arm-none-eabi/9.3.1/../../../../arm-none-eabi/lib/thumb/v7-m/nofp\libc_nano.a(lib_a-nano-freer.o)
                0x0000000008004398                _free_r
 .text._malloc_r
                0x0000000008004430       0xb4 d:/tool/stm32cubeide_1.7.0/stm32/stm32cubeide_1.7.0/stm32cubeide/plugins/com.st.stm32cube.ide.mcu.externaltools.gnu-tools-for-stm32.9-2020-q2-update.win32_2.0.0.202105311346/tools/bin/../lib/gcc/arm-none-eabi/9.3.1/../../../../arm-none-eabi/lib/thumb/v7-m/nofp\libc_nano.a(lib_a-nano-mallocr.o)
                0x0000000008004430                _malloc_r
 .text._realloc_r
                0x00000000080044e4       0x4c d:/tool/stm32cubeide_1.7.0/stm32/stm32cubeide_1.7.0/stm32cubeide/plugins/com.st.stm32cube.ide.mcu.externaltools.gnu-tools-for-stm32.9-2020-q2-update.win32_2.0.0.202105311346/tools/bin/../lib/gcc/arm-none-eabi/9.3.1/../../../../arm-none-eabi/lib/thumb/v7-m/nofp\libc_nano.a(lib_a-nano-reallocr.o)
                0x00000000080044e4                _realloc_r
 .text._sbrk_r  0x0000000008004530       0x20 d:/tool/stm32cubeide_1.7.0/stm32/stm32cubeide_1.7.0/stm32cubeide/plugins/com.st.stm32cube.ide.mcu.externaltools.gnu-tools-for-stm32.9-2020-q2-update.win32_2.0.0.202105311346/tools/bin/../lib/gcc/arm-none-eabi/9.3.1/../../../../arm-none-eabi/lib/thumb/v7-m/nofp\libc_nano.a(lib_a-sbrkr.o)
                0x0000000008004530                _sbrk_r
 .text.__malloc_lock
                0x0000000008004550        0xc d:/tool/stm32cubeide_1.7.0/stm32/stm32cubeide_1.7.0/stm32cubeide/plugins/com.st.stm32cube.ide.mcu.externaltools.gnu-tools-for-stm32.9-2020-q2-update.win32_2.0.0.202105311346/tools/bin/../lib/gcc/arm-none-eabi/9.3.1/../../../../arm-none-eabi/lib/thumb/v7-m/nofp\libc_nano.a(lib_a-mlock.o)
                0x0000000008004550                __malloc_lock
 .text.__malloc_unlock
                0x000000000800455c        0xc d:/tool/stm32cubeide_1.7.0/stm32/stm32cubeide_1.7.0/stm32cubeide/plugins/com.st.stm32cube.ide.mcu.externaltools.gnu-tools-for-stm32.9-2020-q2-update.win32_2.0.0.202105311346/tools/bin/../lib/gcc/arm-none-eabi/9.3.1/../../../../arm-none-eabi/lib/thumb/v7-m/nofp\libc_nano.a(lib_a-mlock.o)
                0x000000000800455c                __malloc_unlock
 .text._malloc_usable_size_r
                0x0000000008004568       0x10 d:/tool/stm32cubeide_1.7.0/stm32/stm32cubeide_1.7.0/stm32cubeide/plugins/com.st.stm32cube.ide.mcu.externaltools.gnu-tools-for-stm32.9-2020-q2-update.win32_2.0.0.202105311346/tools/bin/../lib/gcc/arm-none-eabi/9.3.1/../../../../arm-none-eabi/lib/thumb/v7-m/nofp\libc_nano.a(lib_a-nano-msizer.o)
                0x0000000008004568                _malloc_usable_size_r
 .text.__retarget_lock_acquire_recursive
                0x0000000008004578        0x2 d:/tool/stm32cubeide_1.7.0/stm32/stm32cubeide_1.7.0/stm32cubeide/plugins/com.st.stm32cube.ide.mcu.externaltools.gnu-tools-for-stm32.9-2020-q2-update.win32_2.0.0.202105311346/tools/bin/../lib/gcc/arm-none-eabi/9.3.1/../../../../arm-none-eabi/lib/thumb/v7-m/nofp\libc_nano.a(lib_a-lock.o)
                0x0000000008004578                __retarget_lock_acquire_recursive
 .text.__retarget_lock_release_recursive
                0x000000000800457a        0x2 d:/tool/stm32cubeide_1.7.0/stm32/stm32cubeide_1.7.0/stm32cubeide/plugins/com.st.stm32cube.ide.mcu.externaltools.gnu-tools-for-stm32.9-2020-q2-update.win32_2.0.0.202105311346/tools/bin/../lib/gcc/arm-none-eabi/9.3.1/../../../../arm-none-eabi/lib/thumb/v7-m/nofp\libc_nano.a(lib_a-lock.o)
                0x000000000800457a                __retarget_lock_release_recursive
 *(.glue_7)
 .glue_7        0x000000000800457c        0x0 linker stubs
 *(.glue_7t)
 .glue_7t       0x000000000800457c        0x0 linker stubs
 *(.eh_frame)
 .eh_frame      0x000000000800457c        0x0 d:/tool/stm32cubeide_1.7.0/stm32/stm32cubeide_1.7.0/stm32cubeide/plugins/com.st.stm32cube.ide.mcu.externaltools.gnu-tools-for-stm32.9-2020-q2-update.win32_2.0.0.202105311346/tools/bin/../lib/gcc/arm-none-eabi/9.3.1/thumb/v7-m/nofp/crtbegin.o
 *(.init)
 .init          0x000000000800457c        0x4 d:/tool/stm32cubeide_1.7.0/stm32/stm32cubeide_1.7.0/stm32cubeide/plugins/com.st.stm32cube.ide.mcu.externaltools.gnu-tools-for-stm32.9-2020-q2-update.win32_2.0.0.202105311346/tools/bin/../lib/gcc/arm-none-eabi/9.3.1/thumb/v7-m/nofp/crti.o
                0x000000000800457c                _init
 .init          0x0000000008004580        0x8 d:/tool/stm32cubeide_1.7.0/stm32/stm32cubeide_1.7.0/stm32cubeide/plugins/com.st.stm32cube.ide.mcu.externaltools.gnu-tools-for-stm32.9-2020-q2-update.win32_2.0.0.202105311346/tools/bin/../lib/gcc/arm-none-eabi/9.3.1/thumb/v7-m/nofp/crtn.o
 *(.fini)
 .fini          0x0000000008004588        0x4 d:/tool/stm32cubeide_1.7.0/stm32/stm32cubeide_1.7.0/stm32cubeide/plugins/com.st.stm32cube.ide.mcu.externaltools.gnu-tools-for-stm32.9-2020-q2-update.win32_2.0.0.202105311346/tools/bin/../lib/gcc/arm-none-eabi/9.3.1/thumb/v7-m/nofp/crti.o
                0x0000000008004588                _fini
 .fini          0x000000000800458c        0x8 d:/tool/stm32cubeide_1.7.0/stm32/stm32cubeide_1.7.0/stm32cubeide/plugins/com.st.stm32cube.ide.mcu.externaltools.gnu-tools-for-stm32.9-2020-q2-update.win32_2.0.0.202105311346/tools/bin/../lib/gcc/arm-none-eabi/9.3.1/thumb/v7-m/nofp/crtn.o
                0x0000000008004594                . = ALIGN (0x4)
                0x0000000008004594                _etext = .

.vfp11_veneer   0x0000000008004594        0x0
 .vfp11_veneer  0x0000000008004594        0x0 linker stubs

.v4_bx          0x0000000008004594        0x0
 .v4_bx         0x0000000008004594        0x0 linker stubs

.iplt           0x0000000008004594        0x0
 .iplt          0x0000000008004594        0x0 d:/tool/stm32cubeide_1.7.0/stm32/stm32cubeide_1.7.0/stm32cubeide/plugins/com.st.stm32cube.ide.mcu.externaltools.gnu-tools-for-stm32.9-2020-q2-update.win32_2.0.0.202105311346/tools/bin/../lib/gcc/arm-none-eabi/9.3.1/thumb/v7-m/nofp/crtbegin.o

.rodata         0x0000000008004594       0x64
                0x0000000008004594                . = ALIGN (0x4)
 *(.rodata)
 .rodata        0x0000000008004594        0x5 ./Core/Src/main.o
 *fill*         0x0000000008004599        0x3 
 .rodata        0x000000000800459c       0x10 ./Drivers/STM32F1xx_HAL_Driver/Src/stm32f1xx_hal_rcc.o
 *(.rodata*)
 .rodata.AHBPrescTable
                0x00000000080045ac       0x10 ./Core/Src/system_stm32f1xx.o
                0x00000000080045ac                AHBPrescTable
 .rodata.APBPrescTable
                0x00000000080045bc        0x8 ./Core/Src/system_stm32f1xx.o
                0x00000000080045bc                APBPrescTable
 .rodata._svfprintf_r.str1.1
                0x00000000080045c4       0x11 d:/tool/stm32cubeide_1.7.0/stm32/stm32cubeide_1.7.0/stm32cubeide/plugins/com.st.stm32cube.ide.mcu.externaltools.gnu-tools-for-stm32.9-2020-q2-update.win32_2.0.0.202105311346/tools/bin/../lib/gcc/arm-none-eabi/9.3.1/../../../../arm-none-eabi/lib/thumb/v7-m/nofp\libc_nano.a(lib_a-nano-svfprintf.o)
 .rodata._printf_i.str1.1
                0x00000000080045d5       0x22 d:/tool/stm32cubeide_1.7.0/stm32/stm32cubeide_1.7.0/stm32cubeide/plugins/com.st.stm32cube.ide.mcu.externaltools.gnu-tools-for-stm32.9-2020-q2-update.win32_2.0.0.202105311346/tools/bin/../lib/gcc/arm-none-eabi/9.3.1/../../../../arm-none-eabi/lib/thumb/v7-m/nofp\libc_nano.a(lib_a-nano-vfprintf_i.o)
                0x00000000080045f8                . = ALIGN (0x4)
 *fill*         0x00000000080045f7        0x1 

.rel.dyn        0x00000000080045f8        0x0
 .rel.iplt      0x00000000080045f8        0x0 d:/tool/stm32cubeide_1.7.0/stm32/stm32cubeide_1.7.0/stm32cubeide/plugins/com.st.stm32cube.ide.mcu.externaltools.gnu-tools-for-stm32.9-2020-q2-update.win32_2.0.0.202105311346/tools/bin/../lib/gcc/arm-none-eabi/9.3.1/thumb/v7-m/nofp/crtbegin.o

.ARM.extab      0x00000000080045f8        0x0
                0x00000000080045f8                . = ALIGN (0x4)
 *(.ARM.extab* .gnu.linkonce.armextab.*)
                0x00000000080045f8                . = ALIGN (0x4)

.ARM            0x00000000080045f8        0x0
                0x00000000080045f8                . = ALIGN (0x4)
                0x00000000080045f8                __exidx_start = .
 *(.ARM.exidx*)
                0x00000000080045f8                __exidx_end = .
                0x00000000080045f8                . = ALIGN (0x4)

.preinit_array  0x00000000080045f8        0x0
                0x00000000080045f8                . = ALIGN (0x4)
                0x00000000080045f8                PROVIDE (__preinit_array_start = .)
 *(.preinit_array*)
                0x00000000080045f8                PROVIDE (__preinit_array_end = .)
                0x00000000080045f8                . = ALIGN (0x4)

.init_array     0x00000000080045f8        0x4
                0x00000000080045f8                . = ALIGN (0x4)
                0x00000000080045f8                PROVIDE (__init_array_start = .)
 *(SORT_BY_NAME(.init_array.*))
 *(.init_array*)
 .init_array    0x00000000080045f8        0x4 d:/tool/stm32cubeide_1.7.0/stm32/stm32cubeide_1.7.0/stm32cubeide/plugins/com.st.stm32cube.ide.mcu.externaltools.gnu-tools-for-stm32.9-2020-q2-update.win32_2.0.0.202105311346/tools/bin/../lib/gcc/arm-none-eabi/9.3.1/thumb/v7-m/nofp/crtbegin.o
                0x00000000080045fc                PROVIDE (__init_array_end = .)
                0x00000000080045fc                . = ALIGN (0x4)

.fini_array     0x00000000080045fc        0x4
                0x00000000080045fc                . = ALIGN (0x4)
                [!provide]                        PROVIDE (__fini_array_start = .)
 *(SORT_BY_NAME(.fini_array.*))
 *(.fini_array*)
 .fini_array    0x00000000080045fc        0x4 d:/tool/stm32cubeide_1.7.0/stm32/stm32cubeide_1.7.0/stm32cubeide/plugins/com.st.stm32cube.ide.mcu.externaltools.gnu-tools-for-stm32.9-2020-q2-update.win32_2.0.0.202105311346/tools/bin/../lib/gcc/arm-none-eabi/9.3.1/thumb/v7-m/nofp/crtbegin.o
                [!provide]                        PROVIDE (__fini_array_end = .)
                0x0000000008004600                . = ALIGN (0x4)
                0x0000000008004600                _sidata = LOADADDR (.data)

.data           0x0000000020000000       0x80 load address 0x0000000008004600
                0x0000000020000000                . = ALIGN (0x4)
                0x0000000020000000                _sdata = .
 *(.data)
 *(.data*)
 .data.flag_ped
                0x0000000020000000        0x4 ./Core/Src/global.o
                0x0000000020000000                flag_ped
 .data.Time_Auto_Red
                0x0000000020000004        0x4 ./Core/Src/global.o
                0x0000000020000004                Time_Auto_Red
 .data.Time_Auto_Green
                0x0000000020000008        0x4 ./Core/Src/global.o
                0x0000000020000008                Time_Auto_Green
 .data.Time_Auto_Yellow
                0x000000002000000c        0x4 ./Core/Src/global.o
                0x000000002000000c                Time_Auto_Yellow
 .data.SystemCoreClock
                0x0000000020000010        0x4 ./Core/Src/system_stm32f1xx.o
                0x0000000020000010                SystemCoreClock
 .data.uwTickPrio
                0x0000000020000014        0x4 ./Drivers/STM32F1xx_HAL_Driver/Src/stm32f1xx_hal.o
                0x0000000020000014                uwTickPrio
 .data.uwTickFreq
                0x0000000020000018        0x1 ./Drivers/STM32F1xx_HAL_Driver/Src/stm32f1xx_hal.o
                0x0000000020000018                uwTickFreq
 *fill*         0x0000000020000019        0x3 
 .data._impure_ptr
                0x000000002000001c        0x4 d:/tool/stm32cubeide_1.7.0/stm32/stm32cubeide_1.7.0/stm32cubeide/plugins/com.st.stm32cube.ide.mcu.externaltools.gnu-tools-for-stm32.9-2020-q2-update.win32_2.0.0.202105311346/tools/bin/../lib/gcc/arm-none-eabi/9.3.1/../../../../arm-none-eabi/lib/thumb/v7-m/nofp\libc_nano.a(lib_a-impure.o)
                0x000000002000001c                _impure_ptr
 .data.impure_data
                0x0000000020000020       0x60 d:/tool/stm32cubeide_1.7.0/stm32/stm32cubeide_1.7.0/stm32cubeide/plugins/com.st.stm32cube.ide.mcu.externaltools.gnu-tools-for-stm32.9-2020-q2-update.win32_2.0.0.202105311346/tools/bin/../lib/gcc/arm-none-eabi/9.3.1/../../../../arm-none-eabi/lib/thumb/v7-m/nofp\libc_nano.a(lib_a-impure.o)
 *(.RamFunc)
 *(.RamFunc*)
                0x0000000020000080                . = ALIGN (0x4)
                0x0000000020000080                _edata = .

.igot.plt       0x0000000020000080        0x0 load address 0x0000000008004680
 .igot.plt      0x0000000020000080        0x0 d:/tool/stm32cubeide_1.7.0/stm32/stm32cubeide_1.7.0/stm32cubeide/plugins/com.st.stm32cube.ide.mcu.externaltools.gnu-tools-for-stm32.9-2020-q2-update.win32_2.0.0.202105311346/tools/bin/../lib/gcc/arm-none-eabi/9.3.1/thumb/v7-m/nofp/crtbegin.o
                0x0000000020000080                . = ALIGN (0x4)

.bss            0x0000000020000080      0x1cc load address 0x0000000008004680
                0x0000000020000080                _sbss = .
                0x0000000020000080                __bss_start__ = _sbss
 *(.bss)
 .bss           0x0000000020000080       0x1c d:/tool/stm32cubeide_1.7.0/stm32/stm32cubeide_1.7.0/stm32cubeide/plugins/com.st.stm32cube.ide.mcu.externaltools.gnu-tools-for-stm32.9-2020-q2-update.win32_2.0.0.202105311346/tools/bin/../lib/gcc/arm-none-eabi/9.3.1/thumb/v7-m/nofp/crtbegin.o
 *(.bss*)
 .bss.status1   0x000000002000009c        0x4 ./Core/Src/Display.o
                0x000000002000009c                status1
 .bss.timer1_counter
                0x00000000200000a0        0x4 ./Core/Src/Software_timer.o
                0x00000000200000a0                timer1_counter
 .bss.timer1_flag
                0x00000000200000a4        0x4 ./Core/Src/Software_timer.o
                0x00000000200000a4                timer1_flag
 .bss.timer2_counter
                0x00000000200000a8        0x4 ./Core/Src/Software_timer.o
                0x00000000200000a8                timer2_counter
 .bss.timer2_flag
                0x00000000200000ac        0x4 ./Core/Src/Software_timer.o
                0x00000000200000ac                timer2_flag
 .bss.timer3_counter
                0x00000000200000b0        0x4 ./Core/Src/Software_timer.o
                0x00000000200000b0                timer3_counter
 .bss.timer3_flag
                0x00000000200000b4        0x4 ./Core/Src/Software_timer.o
                0x00000000200000b4                timer3_flag
 .bss.timer4_counter
                0x00000000200000b8        0x4 ./Core/Src/Software_timer.o
                0x00000000200000b8                timer4_counter
 .bss.timer4_flag
                0x00000000200000bc        0x4 ./Core/Src/Software_timer.o
                0x00000000200000bc                timer4_flag
 .bss.timer5_counter
                0x00000000200000c0        0x4 ./Core/Src/Software_timer.o
                0x00000000200000c0                timer5_counter
 .bss.timer5_flag
                0x00000000200000c4        0x4 ./Core/Src/Software_timer.o
                0x00000000200000c4                timer5_flag
 .bss.status_col
                0x00000000200000c8        0x4 ./Core/Src/global.o
                0x00000000200000c8                status_col
 .bss.status_row
                0x00000000200000cc        0x4 ./Core/Src/global.o
                0x00000000200000cc                status_row
 .bss.time_value
                0x00000000200000d0        0x4 ./Core/Src/global.o
                0x00000000200000d0                time_value
 .bss.temp      0x00000000200000d4        0x1 ./Core/Src/main.o
                0x00000000200000d4                temp
 .bss.index_buffer
                0x00000000200000d5        0x1 ./Core/Src/main.o
                0x00000000200000d5                index_buffer
 .bss.buffer_flag
                0x00000000200000d6        0x1 ./Core/Src/main.o
                0x00000000200000d6                buffer_flag
 *fill*         0x00000000200000d7        0x1 
 .bss.__sbrk_heap_end
                0x00000000200000d8        0x4 ./Core/Src/sysmem.o
 .bss.__malloc_free_list
                0x00000000200000dc        0x4 d:/tool/stm32cubeide_1.7.0/stm32/stm32cubeide_1.7.0/stm32cubeide/plugins/com.st.stm32cube.ide.mcu.externaltools.gnu-tools-for-stm32.9-2020-q2-update.win32_2.0.0.202105311346/tools/bin/../lib/gcc/arm-none-eabi/9.3.1/../../../../arm-none-eabi/lib/thumb/v7-m/nofp\libc_nano.a(lib_a-nano-mallocr.o)
                0x00000000200000dc                __malloc_free_list
 .bss.__malloc_sbrk_start
                0x00000000200000e0        0x4 d:/tool/stm32cubeide_1.7.0/stm32/stm32cubeide_1.7.0/stm32cubeide/plugins/com.st.stm32cube.ide.mcu.externaltools.gnu-tools-for-stm32.9-2020-q2-update.win32_2.0.0.202105311346/tools/bin/../lib/gcc/arm-none-eabi/9.3.1/../../../../arm-none-eabi/lib/thumb/v7-m/nofp\libc_nano.a(lib_a-nano-mallocr.o)
                0x00000000200000e0                __malloc_sbrk_start
 *(COMMON)
 COMMON         0x00000000200000e4       0x60 ./Core/Src/button.o
                0x00000000200000e4                KeyReg3
                0x00000000200000f4                KeyReg0
                0x0000000020000104                KeyReg1
                0x0000000020000114                button_flag
                0x0000000020000124                KeyReg2
                0x0000000020000134                TimeForKeyPress
 COMMON         0x0000000020000144       0xf4 ./Core/Src/main.o
                0x0000000020000144                htim3
                0x000000002000018c                buffer
                0x00000000200001ac                htim2
                0x00000000200001f4                huart2
 COMMON         0x0000000020000238        0x4 ./Drivers/STM32F1xx_HAL_Driver/Src/stm32f1xx_hal.o
                0x0000000020000238                uwTick
 COMMON         0x000000002000023c        0x4 d:/tool/stm32cubeide_1.7.0/stm32/stm32cubeide_1.7.0/stm32cubeide/plugins/com.st.stm32cube.ide.mcu.externaltools.gnu-tools-for-stm32.9-2020-q2-update.win32_2.0.0.202105311346/tools/bin/../lib/gcc/arm-none-eabi/9.3.1/../../../../arm-none-eabi/lib/thumb/v7-m/nofp\libc_nano.a(lib_a-reent.o)
                0x000000002000023c                errno
 COMMON         0x0000000020000240        0x9 d:/tool/stm32cubeide_1.7.0/stm32/stm32cubeide_1.7.0/stm32cubeide/plugins/com.st.stm32cube.ide.mcu.externaltools.gnu-tools-for-stm32.9-2020-q2-update.win32_2.0.0.202105311346/tools/bin/../lib/gcc/arm-none-eabi/9.3.1/../../../../arm-none-eabi/lib/thumb/v7-m/nofp\libc_nano.a(lib_a-lock.o)
                0x0000000020000240                __lock___atexit_recursive_mutex
                0x0000000020000241                __lock___arc4random_mutex
                0x0000000020000242                __lock___env_recursive_mutex
                0x0000000020000243                __lock___sinit_recursive_mutex
                0x0000000020000244                __lock___malloc_recursive_mutex
                0x0000000020000245                __lock___at_quick_exit_mutex
                0x0000000020000246                __lock___dd_hash_mutex
                0x0000000020000247                __lock___tz_mutex
                0x0000000020000248                __lock___sfp_recursive_mutex
                0x000000002000024c                . = ALIGN (0x4)
 *fill*         0x0000000020000249        0x3 
                0x000000002000024c                _ebss = .
                0x000000002000024c                __bss_end__ = _ebss

._user_heap_stack
                0x000000002000024c      0x604 load address 0x0000000008004680
                0x0000000020000250                . = ALIGN (0x8)
 *fill*         0x000000002000024c        0x4 
                [!provide]                        PROVIDE (end = .)
                0x0000000020000250                PROVIDE (_end = .)
                0x0000000020000450                . = (. + _Min_Heap_Size)
 *fill*         0x0000000020000250      0x200 
                0x0000000020000850                . = (. + _Min_Stack_Size)
 *fill*         0x0000000020000450      0x400 
                0x0000000020000850                . = ALIGN (0x8)

/DISCARD/
 libc.a(*)
 libm.a(*)
 libgcc.a(*)

.ARM.attributes
                0x0000000000000000       0x29
 *(.ARM.attributes)
 .ARM.attributes
                0x0000000000000000       0x1d d:/tool/stm32cubeide_1.7.0/stm32/stm32cubeide_1.7.0/stm32cubeide/plugins/com.st.stm32cube.ide.mcu.externaltools.gnu-tools-for-stm32.9-2020-q2-update.win32_2.0.0.202105311346/tools/bin/../lib/gcc/arm-none-eabi/9.3.1/thumb/v7-m/nofp/crti.o
 .ARM.attributes
                0x000000000000001d       0x2d d:/tool/stm32cubeide_1.7.0/stm32/stm32cubeide_1.7.0/stm32cubeide/plugins/com.st.stm32cube.ide.mcu.externaltools.gnu-tools-for-stm32.9-2020-q2-update.win32_2.0.0.202105311346/tools/bin/../lib/gcc/arm-none-eabi/9.3.1/thumb/v7-m/nofp/crtbegin.o
 .ARM.attributes
                0x000000000000004a       0x2d ./Core/Src/Display.o
 .ARM.attributes
                0x0000000000000077       0x2d ./Core/Src/Software_timer.o
 .ARM.attributes
                0x00000000000000a4       0x2d ./Core/Src/button.o
 .ARM.attributes
                0x00000000000000d1       0x2d ./Core/Src/fsm_automatic.o
 .ARM.attributes
                0x00000000000000fe       0x2d ./Core/Src/fsm_manual.o
 .ARM.attributes
                0x000000000000012b       0x2d ./Core/Src/global.o
 .ARM.attributes
                0x0000000000000158       0x2d ./Core/Src/main.o
 .ARM.attributes
                0x0000000000000185       0x2d ./Core/Src/modification_mode.o
 .ARM.attributes
                0x00000000000001b2       0x2d ./Core/Src/stm32f1xx_hal_msp.o
 .ARM.attributes
                0x00000000000001df       0x2d ./Core/Src/stm32f1xx_it.o
 .ARM.attributes
                0x000000000000020c       0x2d ./Core/Src/sysmem.o
 .ARM.attributes
                0x0000000000000239       0x2d ./Core/Src/system_stm32f1xx.o
 .ARM.attributes
                0x0000000000000266       0x21 ./Core/Startup/startup_stm32f103rbtx.o
 .ARM.attributes
                0x0000000000000287       0x2d ./Drivers/STM32F1xx_HAL_Driver/Src/stm32f1xx_hal.o
 .ARM.attributes
                0x00000000000002b4       0x2d ./Drivers/STM32F1xx_HAL_Driver/Src/stm32f1xx_hal_cortex.o
 .ARM.attributes
                0x00000000000002e1       0x2d ./Drivers/STM32F1xx_HAL_Driver/Src/stm32f1xx_hal_dma.o
 .ARM.attributes
                0x000000000000030e       0x2d ./Drivers/STM32F1xx_HAL_Driver/Src/stm32f1xx_hal_gpio.o
 .ARM.attributes
                0x000000000000033b       0x2d ./Drivers/STM32F1xx_HAL_Driver/Src/stm32f1xx_hal_rcc.o
 .ARM.attributes
                0x0000000000000368       0x2d ./Drivers/STM32F1xx_HAL_Driver/Src/stm32f1xx_hal_tim.o
 .ARM.attributes
                0x0000000000000395       0x2d ./Drivers/STM32F1xx_HAL_Driver/Src/stm32f1xx_hal_tim_ex.o
 .ARM.attributes
                0x00000000000003c2       0x2d ./Drivers/STM32F1xx_HAL_Driver/Src/stm32f1xx_hal_uart.o
 .ARM.attributes
                0x00000000000003ef       0x2d d:/tool/stm32cubeide_1.7.0/stm32/stm32cubeide_1.7.0/stm32cubeide/plugins/com.st.stm32cube.ide.mcu.externaltools.gnu-tools-for-stm32.9-2020-q2-update.win32_2.0.0.202105311346/tools/bin/../lib/gcc/arm-none-eabi/9.3.1/../../../../arm-none-eabi/lib/thumb/v7-m/nofp\libc_nano.a(lib_a-errno.o)
 .ARM.attributes
                0x000000000000041c       0x2d d:/tool/stm32cubeide_1.7.0/stm32/stm32cubeide_1.7.0/stm32cubeide/plugins/com.st.stm32cube.ide.mcu.externaltools.gnu-tools-for-stm32.9-2020-q2-update.win32_2.0.0.202105311346/tools/bin/../lib/gcc/arm-none-eabi/9.3.1/../../../../arm-none-eabi/lib/thumb/v7-m/nofp\libc_nano.a(lib_a-impure.o)
 .ARM.attributes
                0x0000000000000449       0x2d d:/tool/stm32cubeide_1.7.0/stm32/stm32cubeide_1.7.0/stm32cubeide/plugins/com.st.stm32cube.ide.mcu.externaltools.gnu-tools-for-stm32.9-2020-q2-update.win32_2.0.0.202105311346/tools/bin/../lib/gcc/arm-none-eabi/9.3.1/../../../../arm-none-eabi/lib/thumb/v7-m/nofp\libc_nano.a(lib_a-init.o)
 .ARM.attributes
                0x0000000000000476       0x2d d:/tool/stm32cubeide_1.7.0/stm32/stm32cubeide_1.7.0/stm32cubeide/plugins/com.st.stm32cube.ide.mcu.externaltools.gnu-tools-for-stm32.9-2020-q2-update.win32_2.0.0.202105311346/tools/bin/../lib/gcc/arm-none-eabi/9.3.1/../../../../arm-none-eabi/lib/thumb/v7-m/nofp\libc_nano.a(lib_a-memset.o)
 .ARM.attributes
                0x00000000000004a3       0x2d d:/tool/stm32cubeide_1.7.0/stm32/stm32cubeide_1.7.0/stm32cubeide/plugins/com.st.stm32cube.ide.mcu.externaltools.gnu-tools-for-stm32.9-2020-q2-update.win32_2.0.0.202105311346/tools/bin/../lib/gcc/arm-none-eabi/9.3.1/../../../../arm-none-eabi/lib/thumb/v7-m/nofp\libc_nano.a(lib_a-sprintf.o)
 .ARM.attributes
                0x00000000000004d0       0x2d d:/tool/stm32cubeide_1.7.0/stm32/stm32cubeide_1.7.0/stm32cubeide/plugins/com.st.stm32cube.ide.mcu.externaltools.gnu-tools-for-stm32.9-2020-q2-update.win32_2.0.0.202105311346/tools/bin/../lib/gcc/arm-none-eabi/9.3.1/../../../../arm-none-eabi/lib/thumb/v7-m/nofp\libc_nano.a(lib_a-nano-svfprintf.o)
 .ARM.attributes
                0x00000000000004fd       0x2d d:/tool/stm32cubeide_1.7.0/stm32/stm32cubeide_1.7.0/stm32cubeide/plugins/com.st.stm32cube.ide.mcu.externaltools.gnu-tools-for-stm32.9-2020-q2-update.win32_2.0.0.202105311346/tools/bin/../lib/gcc/arm-none-eabi/9.3.1/../../../../arm-none-eabi/lib/thumb/v7-m/nofp\libc_nano.a(lib_a-nano-vfprintf_i.o)
 .ARM.attributes
                0x000000000000052a       0x2d d:/tool/stm32cubeide_1.7.0/stm32/stm32cubeide_1.7.0/stm32cubeide/plugins/com.st.stm32cube.ide.mcu.externaltools.gnu-tools-for-stm32.9-2020-q2-update.win32_2.0.0.202105311346/tools/bin/../lib/gcc/arm-none-eabi/9.3.1/../../../../arm-none-eabi/lib/thumb/v7-m/nofp\libc_nano.a(lib_a-memchr-stub.o)
 .ARM.attributes
                0x0000000000000557       0x2d d:/tool/stm32cubeide_1.7.0/stm32/stm32cubeide_1.7.0/stm32cubeide/plugins/com.st.stm32cube.ide.mcu.externaltools.gnu-tools-for-stm32.9-2020-q2-update.win32_2.0.0.202105311346/tools/bin/../lib/gcc/arm-none-eabi/9.3.1/../../../../arm-none-eabi/lib/thumb/v7-m/nofp\libc_nano.a(lib_a-memcpy-stub.o)
 .ARM.attributes
                0x0000000000000584       0x2d d:/tool/stm32cubeide_1.7.0/stm32/stm32cubeide_1.7.0/stm32cubeide/plugins/com.st.stm32cube.ide.mcu.externaltools.gnu-tools-for-stm32.9-2020-q2-update.win32_2.0.0.202105311346/tools/bin/../lib/gcc/arm-none-eabi/9.3.1/../../../../arm-none-eabi/lib/thumb/v7-m/nofp\libc_nano.a(lib_a-memmove.o)
 .ARM.attributes
                0x00000000000005b1       0x2d d:/tool/stm32cubeide_1.7.0/stm32/stm32cubeide_1.7.0/stm32cubeide/plugins/com.st.stm32cube.ide.mcu.externaltools.gnu-tools-for-stm32.9-2020-q2-update.win32_2.0.0.202105311346/tools/bin/../lib/gcc/arm-none-eabi/9.3.1/../../../../arm-none-eabi/lib/thumb/v7-m/nofp\libc_nano.a(lib_a-nano-freer.o)
 .ARM.attributes
                0x00000000000005de       0x2d d:/tool/stm32cubeide_1.7.0/stm32/stm32cubeide_1.7.0/stm32cubeide/plugins/com.st.stm32cube.ide.mcu.externaltools.gnu-tools-for-stm32.9-2020-q2-update.win32_2.0.0.202105311346/tools/bin/../lib/gcc/arm-none-eabi/9.3.1/../../../../arm-none-eabi/lib/thumb/v7-m/nofp\libc_nano.a(lib_a-nano-mallocr.o)
 .ARM.attributes
                0x000000000000060b       0x2d d:/tool/stm32cubeide_1.7.0/stm32/stm32cubeide_1.7.0/stm32cubeide/plugins/com.st.stm32cube.ide.mcu.externaltools.gnu-tools-for-stm32.9-2020-q2-update.win32_2.0.0.202105311346/tools/bin/../lib/gcc/arm-none-eabi/9.3.1/../../../../arm-none-eabi/lib/thumb/v7-m/nofp\libc_nano.a(lib_a-nano-reallocr.o)
 .ARM.attributes
                0x0000000000000638       0x2d d:/tool/stm32cubeide_1.7.0/stm32/stm32cubeide_1.7.0/stm32cubeide/plugins/com.st.stm32cube.ide.mcu.externaltools.gnu-tools-for-stm32.9-2020-q2-update.win32_2.0.0.202105311346/tools/bin/../lib/gcc/arm-none-eabi/9.3.1/../../../../arm-none-eabi/lib/thumb/v7-m/nofp\libc_nano.a(lib_a-sbrkr.o)
 .ARM.attributes
                0x0000000000000665       0x2d d:/tool/stm32cubeide_1.7.0/stm32/stm32cubeide_1.7.0/stm32cubeide/plugins/com.st.stm32cube.ide.mcu.externaltools.gnu-tools-for-stm32.9-2020-q2-update.win32_2.0.0.202105311346/tools/bin/../lib/gcc/arm-none-eabi/9.3.1/../../../../arm-none-eabi/lib/thumb/v7-m/nofp\libc_nano.a(lib_a-mlock.o)
 .ARM.attributes
                0x0000000000000692       0x2d d:/tool/stm32cubeide_1.7.0/stm32/stm32cubeide_1.7.0/stm32cubeide/plugins/com.st.stm32cube.ide.mcu.externaltools.gnu-tools-for-stm32.9-2020-q2-update.win32_2.0.0.202105311346/tools/bin/../lib/gcc/arm-none-eabi/9.3.1/../../../../arm-none-eabi/lib/thumb/v7-m/nofp\libc_nano.a(lib_a-nano-msizer.o)
 .ARM.attributes
                0x00000000000006bf       0x2d d:/tool/stm32cubeide_1.7.0/stm32/stm32cubeide_1.7.0/stm32cubeide/plugins/com.st.stm32cube.ide.mcu.externaltools.gnu-tools-for-stm32.9-2020-q2-update.win32_2.0.0.202105311346/tools/bin/../lib/gcc/arm-none-eabi/9.3.1/../../../../arm-none-eabi/lib/thumb/v7-m/nofp\libc_nano.a(lib_a-reent.o)
 .ARM.attributes
                0x00000000000006ec       0x2d d:/tool/stm32cubeide_1.7.0/stm32/stm32cubeide_1.7.0/stm32cubeide/plugins/com.st.stm32cube.ide.mcu.externaltools.gnu-tools-for-stm32.9-2020-q2-update.win32_2.0.0.202105311346/tools/bin/../lib/gcc/arm-none-eabi/9.3.1/../../../../arm-none-eabi/lib/thumb/v7-m/nofp\libc_nano.a(lib_a-lock.o)
 .ARM.attributes
                0x0000000000000719       0x1d d:/tool/stm32cubeide_1.7.0/stm32/stm32cubeide_1.7.0/stm32cubeide/plugins/com.st.stm32cube.ide.mcu.externaltools.gnu-tools-for-stm32.9-2020-q2-update.win32_2.0.0.202105311346/tools/bin/../lib/gcc/arm-none-eabi/9.3.1/thumb/v7-m/nofp/crtn.o
OUTPUT(Assignment_VXL.elf elf32-littlearm)
LOAD linker stubs
LOAD d:/tool/stm32cubeide_1.7.0/stm32/stm32cubeide_1.7.0/stm32cubeide/plugins/com.st.stm32cube.ide.mcu.externaltools.gnu-tools-for-stm32.9-2020-q2-update.win32_2.0.0.202105311346/tools/bin/../lib/gcc/arm-none-eabi/9.3.1/../../../../arm-none-eabi/lib/thumb/v7-m/nofp\libc.a
LOAD d:/tool/stm32cubeide_1.7.0/stm32/stm32cubeide_1.7.0/stm32cubeide/plugins/com.st.stm32cube.ide.mcu.externaltools.gnu-tools-for-stm32.9-2020-q2-update.win32_2.0.0.202105311346/tools/bin/../lib/gcc/arm-none-eabi/9.3.1/../../../../arm-none-eabi/lib/thumb/v7-m/nofp\libm.a
LOAD d:/tool/stm32cubeide_1.7.0/stm32/stm32cubeide_1.7.0/stm32cubeide/plugins/com.st.stm32cube.ide.mcu.externaltools.gnu-tools-for-stm32.9-2020-q2-update.win32_2.0.0.202105311346/tools/bin/../lib/gcc/arm-none-eabi/9.3.1/thumb/v7-m/nofp\libgcc.a

.debug_info     0x0000000000000000    0x108d3
 .debug_info    0x0000000000000000      0xb8c ./Core/Src/Display.o
 .debug_info    0x0000000000000b8c      0x1d8 ./Core/Src/Software_timer.o
 .debug_info    0x0000000000000d64      0xb39 ./Core/Src/button.o
 .debug_info    0x000000000000189d     0x12c2 ./Core/Src/fsm_automatic.o
 .debug_info    0x0000000000002b5f      0xa23 ./Core/Src/fsm_manual.o
 .debug_info    0x0000000000003582      0xae2 ./Core/Src/global.o
 .debug_info    0x0000000000004064     0x18c7 ./Core/Src/main.o
 .debug_info    0x000000000000592b      0x9fe ./Core/Src/modification_mode.o
 .debug_info    0x0000000000006329      0xe50 ./Core/Src/stm32f1xx_hal_msp.o
 .debug_info    0x0000000000007179      0xa2e ./Core/Src/stm32f1xx_it.o
 .debug_info    0x0000000000007ba7      0xa25 ./Core/Src/sysmem.o
 .debug_info    0x00000000000085cc      0x2be ./Core/Src/system_stm32f1xx.o
 .debug_info    0x000000000000888a       0x22 ./Core/Startup/startup_stm32f103rbtx.o
 .debug_info    0x00000000000088ac      0x76a ./Drivers/STM32F1xx_HAL_Driver/Src/stm32f1xx_hal.o
 .debug_info    0x0000000000009016      0xbdc ./Drivers/STM32F1xx_HAL_Driver/Src/stm32f1xx_hal_cortex.o
 .debug_info    0x0000000000009bf2      0x81e ./Drivers/STM32F1xx_HAL_Driver/Src/stm32f1xx_hal_dma.o
 .debug_info    0x000000000000a410      0x701 ./Drivers/STM32F1xx_HAL_Driver/Src/stm32f1xx_hal_gpio.o
 .debug_info    0x000000000000ab11      0x88e ./Drivers/STM32F1xx_HAL_Driver/Src/stm32f1xx_hal_rcc.o
 .debug_info    0x000000000000b39f     0x2a45 ./Drivers/STM32F1xx_HAL_Driver/Src/stm32f1xx_hal_tim.o
 .debug_info    0x000000000000dde4     0x14d5 ./Drivers/STM32F1xx_HAL_Driver/Src/stm32f1xx_hal_tim_ex.o
 .debug_info    0x000000000000f2b9     0x161a ./Drivers/STM32F1xx_HAL_Driver/Src/stm32f1xx_hal_uart.o

.debug_abbrev   0x0000000000000000     0x274d
 .debug_abbrev  0x0000000000000000      0x1b6 ./Core/Src/Display.o
 .debug_abbrev  0x00000000000001b6       0xc3 ./Core/Src/Software_timer.o
 .debug_abbrev  0x0000000000000279      0x20a ./Core/Src/button.o
 .debug_abbrev  0x0000000000000483      0x1ef ./Core/Src/fsm_automatic.o
 .debug_abbrev  0x0000000000000672      0x178 ./Core/Src/fsm_manual.o
 .debug_abbrev  0x00000000000007ea      0x198 ./Core/Src/global.o
 .debug_abbrev  0x0000000000000982      0x342 ./Core/Src/main.o
 .debug_abbrev  0x0000000000000cc4      0x15a ./Core/Src/modification_mode.o
 .debug_abbrev  0x0000000000000e1e      0x1c8 ./Core/Src/stm32f1xx_hal_msp.o
 .debug_abbrev  0x0000000000000fe6      0x176 ./Core/Src/stm32f1xx_it.o
 .debug_abbrev  0x000000000000115c      0x1bf ./Core/Src/sysmem.o
 .debug_abbrev  0x000000000000131b      0x14e ./Core/Src/system_stm32f1xx.o
 .debug_abbrev  0x0000000000001469       0x12 ./Core/Startup/startup_stm32f103rbtx.o
 .debug_abbrev  0x000000000000147b      0x1ed ./Drivers/STM32F1xx_HAL_Driver/Src/stm32f1xx_hal.o
 .debug_abbrev  0x0000000000001668      0x313 ./Drivers/STM32F1xx_HAL_Driver/Src/stm32f1xx_hal_cortex.o
 .debug_abbrev  0x000000000000197b      0x228 ./Drivers/STM32F1xx_HAL_Driver/Src/stm32f1xx_hal_dma.o
 .debug_abbrev  0x0000000000001ba3      0x1e8 ./Drivers/STM32F1xx_HAL_Driver/Src/stm32f1xx_hal_gpio.o
 .debug_abbrev  0x0000000000001d8b      0x273 ./Drivers/STM32F1xx_HAL_Driver/Src/stm32f1xx_hal_rcc.o
 .debug_abbrev  0x0000000000001ffe      0x25e ./Drivers/STM32F1xx_HAL_Driver/Src/stm32f1xx_hal_tim.o
 .debug_abbrev  0x000000000000225c      0x266 ./Drivers/STM32F1xx_HAL_Driver/Src/stm32f1xx_hal_tim_ex.o
 .debug_abbrev  0x00000000000024c2      0x28b ./Drivers/STM32F1xx_HAL_Driver/Src/stm32f1xx_hal_uart.o

.debug_aranges  0x0000000000000000      0xdb0
 .debug_aranges
                0x0000000000000000       0x70 ./Core/Src/Display.o
 .debug_aranges
                0x0000000000000070       0x48 ./Core/Src/Software_timer.o
 .debug_aranges
                0x00000000000000b8       0x40 ./Core/Src/button.o
 .debug_aranges
                0x00000000000000f8       0x30 ./Core/Src/fsm_automatic.o
 .debug_aranges
                0x0000000000000128       0x20 ./Core/Src/fsm_manual.o
 .debug_aranges
                0x0000000000000148       0x38 ./Core/Src/global.o
 .debug_aranges
                0x0000000000000180       0x68 ./Core/Src/main.o
 .debug_aranges
                0x00000000000001e8       0x20 ./Core/Src/modification_mode.o
 .debug_aranges
                0x0000000000000208       0x48 ./Core/Src/stm32f1xx_hal_msp.o
 .debug_aranges
                0x0000000000000250       0x70 ./Core/Src/stm32f1xx_it.o
 .debug_aranges
                0x00000000000002c0       0x20 ./Core/Src/sysmem.o
 .debug_aranges
                0x00000000000002e0       0x28 ./Core/Src/system_stm32f1xx.o
 .debug_aranges
                0x0000000000000308       0x28 ./Core/Startup/startup_stm32f103rbtx.o
 .debug_aranges
                0x0000000000000330       0xe0 ./Drivers/STM32F1xx_HAL_Driver/Src/stm32f1xx_hal.o
 .debug_aranges
                0x0000000000000410      0x100 ./Drivers/STM32F1xx_HAL_Driver/Src/stm32f1xx_hal_cortex.o
 .debug_aranges
                0x0000000000000510       0x80 ./Drivers/STM32F1xx_HAL_Driver/Src/stm32f1xx_hal_dma.o
 .debug_aranges
                0x0000000000000590       0x58 ./Drivers/STM32F1xx_HAL_Driver/Src/stm32f1xx_hal_gpio.o
 .debug_aranges
                0x00000000000005e8       0x90 ./Drivers/STM32F1xx_HAL_Driver/Src/stm32f1xx_hal_rcc.o
 .debug_aranges
                0x0000000000000678      0x3d0 ./Drivers/STM32F1xx_HAL_Driver/Src/stm32f1xx_hal_tim.o
 .debug_aranges
                0x0000000000000a48      0x168 ./Drivers/STM32F1xx_HAL_Driver/Src/stm32f1xx_hal_tim_ex.o
 .debug_aranges
                0x0000000000000bb0      0x200 ./Drivers/STM32F1xx_HAL_Driver/Src/stm32f1xx_hal_uart.o

.debug_ranges   0x0000000000000000      0xc98
 .debug_ranges  0x0000000000000000       0x60 ./Core/Src/Display.o
 .debug_ranges  0x0000000000000060       0x38 ./Core/Src/Software_timer.o
 .debug_ranges  0x0000000000000098       0x30 ./Core/Src/button.o
 .debug_ranges  0x00000000000000c8       0x20 ./Core/Src/fsm_automatic.o
 .debug_ranges  0x00000000000000e8       0x10 ./Core/Src/fsm_manual.o
 .debug_ranges  0x00000000000000f8       0x28 ./Core/Src/global.o
 .debug_ranges  0x0000000000000120       0x58 ./Core/Src/main.o
 .debug_ranges  0x0000000000000178       0x10 ./Core/Src/modification_mode.o
 .debug_ranges  0x0000000000000188       0x38 ./Core/Src/stm32f1xx_hal_msp.o
 .debug_ranges  0x00000000000001c0       0x60 ./Core/Src/stm32f1xx_it.o
 .debug_ranges  0x0000000000000220       0x10 ./Core/Src/sysmem.o
 .debug_ranges  0x0000000000000230       0x18 ./Core/Src/system_stm32f1xx.o
 .debug_ranges  0x0000000000000248       0x20 ./Core/Startup/startup_stm32f103rbtx.o
 .debug_ranges  0x0000000000000268       0xd0 ./Drivers/STM32F1xx_HAL_Driver/Src/stm32f1xx_hal.o
 .debug_ranges  0x0000000000000338       0xf0 ./Drivers/STM32F1xx_HAL_Driver/Src/stm32f1xx_hal_cortex.o
 .debug_ranges  0x0000000000000428       0x70 ./Drivers/STM32F1xx_HAL_Driver/Src/stm32f1xx_hal_dma.o
 .debug_ranges  0x0000000000000498       0x48 ./Drivers/STM32F1xx_HAL_Driver/Src/stm32f1xx_hal_gpio.o
 .debug_ranges  0x00000000000004e0       0x80 ./Drivers/STM32F1xx_HAL_Driver/Src/stm32f1xx_hal_rcc.o
 .debug_ranges  0x0000000000000560      0x3c0 ./Drivers/STM32F1xx_HAL_Driver/Src/stm32f1xx_hal_tim.o
 .debug_ranges  0x0000000000000920      0x158 ./Drivers/STM32F1xx_HAL_Driver/Src/stm32f1xx_hal_tim_ex.o
 .debug_ranges  0x0000000000000a78      0x220 ./Drivers/STM32F1xx_HAL_Driver/Src/stm32f1xx_hal_uart.o

.debug_macro    0x0000000000000000    0x18901
 .debug_macro   0x0000000000000000      0x1e6 ./Core/Src/Display.o
 .debug_macro   0x00000000000001e6      0xa9c ./Core/Src/Display.o
 .debug_macro   0x0000000000000c82      0x21b ./Core/Src/Display.o
 .debug_macro   0x0000000000000e9d       0x2e ./Core/Src/Display.o
 .debug_macro   0x0000000000000ecb       0x22 ./Core/Src/Display.o
 .debug_macro   0x0000000000000eed       0x22 ./Core/Src/Display.o
 .debug_macro   0x0000000000000f0f       0x8e ./Core/Src/Display.o
 .debug_macro   0x0000000000000f9d       0x51 ./Core/Src/Display.o
 .debug_macro   0x0000000000000fee      0x103 ./Core/Src/Display.o
 .debug_macro   0x00000000000010f1       0x6a ./Core/Src/Display.o
 .debug_macro   0x000000000000115b      0x1df ./Core/Src/Display.o
 .debug_macro   0x000000000000133a       0x1c ./Core/Src/Display.o
 .debug_macro   0x0000000000001356       0x22 ./Core/Src/Display.o
 .debug_macro   0x0000000000001378       0xc3 ./Core/Src/Display.o
 .debug_macro   0x000000000000143b      0xd23 ./Core/Src/Display.o
 .debug_macro   0x000000000000215e     0xe09e ./Core/Src/Display.o
 .debug_macro   0x00000000000101fc       0x6d ./Core/Src/Display.o
 .debug_macro   0x0000000000010269     0x3468 ./Core/Src/Display.o
 .debug_macro   0x00000000000136d1      0x174 ./Core/Src/Display.o
 .debug_macro   0x0000000000013845       0x5c ./Core/Src/Display.o
 .debug_macro   0x00000000000138a1      0x5be ./Core/Src/Display.o
 .debug_macro   0x0000000000013e5f      0x289 ./Core/Src/Display.o
 .debug_macro   0x00000000000140e8      0x1cb ./Core/Src/Display.o
 .debug_macro   0x00000000000142b3      0x114 ./Core/Src/Display.o
 .debug_macro   0x00000000000143c7      0x1b2 ./Core/Src/Display.o
 .debug_macro   0x0000000000014579       0x27 ./Core/Src/Display.o
 .debug_macro   0x00000000000145a0      0x136 ./Core/Src/Display.o
 .debug_macro   0x00000000000146d6      0x1bc ./Core/Src/Display.o
 .debug_macro   0x0000000000014892       0x34 ./Core/Src/Display.o
 .debug_macro   0x00000000000148c6       0x3c ./Core/Src/Display.o
 .debug_macro   0x0000000000014902       0x57 ./Core/Src/Display.o
 .debug_macro   0x0000000000014959       0x88 ./Core/Src/Display.o
 .debug_macro   0x00000000000149e1      0x241 ./Core/Src/Display.o
 .debug_macro   0x0000000000014c22      0x141 ./Core/Src/Display.o
 .debug_macro   0x0000000000014d63      0x8d1 ./Core/Src/Display.o
 .debug_macro   0x0000000000015634      0x279 ./Core/Src/Display.o
 .debug_macro   0x00000000000158ad       0x83 ./Core/Src/Display.o
 .debug_macro   0x0000000000015930       0xa0 ./Core/Src/Display.o
 .debug_macro   0x00000000000159d0       0x1c ./Core/Src/Display.o
 .debug_macro   0x00000000000159ec       0x3a ./Core/Src/Display.o
 .debug_macro   0x0000000000015a26       0x21 ./Core/Src/Software_timer.o
 .debug_macro   0x0000000000015a47      0x1bb ./Core/Src/button.o
 .debug_macro   0x0000000000015c02      0x34f ./Core/Src/fsm_automatic.o
 .debug_macro   0x0000000000015f51       0x52 ./Core/Src/fsm_automatic.o
 .debug_macro   0x0000000000015fa3       0x18 ./Core/Src/fsm_automatic.o
 .debug_macro   0x0000000000015fbb       0x3c ./Core/Src/fsm_automatic.o
 .debug_macro   0x0000000000015ff7       0x34 ./Core/Src/fsm_automatic.o
 .debug_macro   0x000000000001602b       0x16 ./Core/Src/fsm_automatic.o
 .debug_macro   0x0000000000016041       0x35 ./Core/Src/fsm_automatic.o
 .debug_macro   0x0000000000016076      0x333 ./Core/Src/fsm_automatic.o
 .debug_macro   0x00000000000163a9       0x10 ./Core/Src/fsm_automatic.o
 .debug_macro   0x00000000000163b9       0x16 ./Core/Src/fsm_automatic.o
 .debug_macro   0x00000000000163cf       0x43 ./Core/Src/fsm_automatic.o
 .debug_macro   0x0000000000016412       0x34 ./Core/Src/fsm_automatic.o
 .debug_macro   0x0000000000016446       0x10 ./Core/Src/fsm_automatic.o
 .debug_macro   0x0000000000016456       0x58 ./Core/Src/fsm_automatic.o
 .debug_macro   0x00000000000164ae       0x71 ./Core/Src/fsm_automatic.o
 .debug_macro   0x000000000001651f       0x1c ./Core/Src/fsm_automatic.o
 .debug_macro   0x000000000001653b      0x12a ./Core/Src/fsm_automatic.o
 .debug_macro   0x0000000000016665       0x10 ./Core/Src/fsm_automatic.o
 .debug_macro   0x0000000000016675       0x1c ./Core/Src/fsm_automatic.o
 .debug_macro   0x0000000000016691       0x52 ./Core/Src/fsm_automatic.o
 .debug_macro   0x00000000000166e3       0x22 ./Core/Src/fsm_automatic.o
 .debug_macro   0x0000000000016705       0x10 ./Core/Src/fsm_automatic.o
 .debug_macro   0x0000000000016715       0x40 ./Core/Src/fsm_automatic.o
 .debug_macro   0x0000000000016755       0xd5 ./Core/Src/fsm_automatic.o
 .debug_macro   0x000000000001682a       0x1c ./Core/Src/fsm_automatic.o
 .debug_macro   0x0000000000016846       0x3d ./Core/Src/fsm_automatic.o
 .debug_macro   0x0000000000016883       0x16 ./Core/Src/fsm_automatic.o
 .debug_macro   0x0000000000016899      0x145 ./Core/Src/fsm_automatic.o
 .debug_macro   0x00000000000169de      0x1f6 ./Core/Src/fsm_manual.o
 .debug_macro   0x0000000000016bd4      0x1d4 ./Core/Src/global.o
 .debug_macro   0x0000000000016da8      0x367 ./Core/Src/main.o
 .debug_macro   0x000000000001710f      0x1ec ./Core/Src/modification_mode.o
 .debug_macro   0x00000000000172fb      0x1b2 ./Core/Src/stm32f1xx_hal_msp.o
 .debug_macro   0x00000000000174ad      0x1bc ./Core/Src/stm32f1xx_it.o
 .debug_macro   0x0000000000017669       0xff ./Core/Src/sysmem.o
 .debug_macro   0x0000000000017768      0x23b ./Core/Src/sysmem.o
 .debug_macro   0x00000000000179a3      0x1a3 ./Core/Src/system_stm32f1xx.o
 .debug_macro   0x0000000000017b46      0x1c7 ./Drivers/STM32F1xx_HAL_Driver/Src/stm32f1xx_hal.o
 .debug_macro   0x0000000000017d0d      0x1a3 ./Drivers/STM32F1xx_HAL_Driver/Src/stm32f1xx_hal_cortex.o
 .debug_macro   0x0000000000017eb0      0x1a3 ./Drivers/STM32F1xx_HAL_Driver/Src/stm32f1xx_hal_dma.o
 .debug_macro   0x0000000000018053      0x20e ./Drivers/STM32F1xx_HAL_Driver/Src/stm32f1xx_hal_gpio.o
 .debug_macro   0x0000000000018261      0x1b5 ./Drivers/STM32F1xx_HAL_Driver/Src/stm32f1xx_hal_rcc.o
 .debug_macro   0x0000000000018416      0x1a4 ./Drivers/STM32F1xx_HAL_Driver/Src/stm32f1xx_hal_tim.o
 .debug_macro   0x00000000000185ba      0x1a3 ./Drivers/STM32F1xx_HAL_Driver/Src/stm32f1xx_hal_tim_ex.o
 .debug_macro   0x000000000001875d      0x1a4 ./Drivers/STM32F1xx_HAL_Driver/Src/stm32f1xx_hal_uart.o

.debug_line     0x0000000000000000    0x1181f
 .debug_line    0x0000000000000000      0x98e ./Core/Src/Display.o
 .debug_line    0x000000000000098e      0x15c ./Core/Src/Software_timer.o
 .debug_line    0x0000000000000aea      0x955 ./Core/Src/button.o
 .debug_line    0x000000000000143f      0xc7f ./Core/Src/fsm_automatic.o
 .debug_line    0x00000000000020be      0x8f9 ./Core/Src/fsm_manual.o
 .debug_line    0x00000000000029b7      0x8a4 ./Core/Src/global.o
 .debug_line    0x000000000000325b      0xdbd ./Core/Src/main.o
 .debug_line    0x0000000000004018      0x8e6 ./Core/Src/modification_mode.o
 .debug_line    0x00000000000048fe      0x91d ./Core/Src/stm32f1xx_hal_msp.o
 .debug_line    0x000000000000521b      0x932 ./Core/Src/stm32f1xx_it.o
 .debug_line    0x0000000000005b4d      0x7a4 ./Core/Src/sysmem.o
 .debug_line    0x00000000000062f1      0x8be ./Core/Src/system_stm32f1xx.o
 .debug_line    0x0000000000006baf       0x87 ./Core/Startup/startup_stm32f103rbtx.o
 .debug_line    0x0000000000006c36      0xaeb ./Drivers/STM32F1xx_HAL_Driver/Src/stm32f1xx_hal.o
 .debug_line    0x0000000000007721      0xcd3 ./Drivers/STM32F1xx_HAL_Driver/Src/stm32f1xx_hal_cortex.o
 .debug_line    0x00000000000083f4      0xf43 ./Drivers/STM32F1xx_HAL_Driver/Src/stm32f1xx_hal_dma.o
 .debug_line    0x0000000000009337      0xb82 ./Drivers/STM32F1xx_HAL_Driver/Src/stm32f1xx_hal_gpio.o
 .debug_line    0x0000000000009eb9      0xef9 ./Drivers/STM32F1xx_HAL_Driver/Src/stm32f1xx_hal_rcc.o
 .debug_line    0x000000000000adb2     0x3494 ./Drivers/STM32F1xx_HAL_Driver/Src/stm32f1xx_hal_tim.o
 .debug_line    0x000000000000e246     0x1a13 ./Drivers/STM32F1xx_HAL_Driver/Src/stm32f1xx_hal_tim_ex.o
 .debug_line    0x000000000000fc59     0x1bc6 ./Drivers/STM32F1xx_HAL_Driver/Src/stm32f1xx_hal_uart.o

.debug_str      0x0000000000000000    0x8b0c6
 .debug_str     0x0000000000000000    0x83af7 ./Core/Src/Display.o
                                      0x83f75 (size before relaxing)
 .debug_str     0x0000000000083af7       0xb4 ./Core/Src/Software_timer.o
                                       0x2e58 (size before relaxing)
 .debug_str     0x0000000000083bab       0x8e ./Core/Src/button.o
                                      0x83dcd (size before relaxing)
 .debug_str     0x0000000000083c39     0x40a1 ./Core/Src/fsm_automatic.o
                                      0x87f70 (size before relaxing)
 .debug_str     0x0000000000087cda       0x55 ./Core/Src/fsm_manual.o
                                      0x83eb7 (size before relaxing)
 .debug_str     0x0000000000087d2f       0x5f ./Core/Src/global.o
                                      0x83ea5 (size before relaxing)
 .debug_str     0x0000000000087d8e      0x3bd ./Core/Src/main.o
                                      0x8833c (size before relaxing)
 .debug_str     0x000000000008814b       0x32 ./Core/Src/modification_mode.o
                                      0x83e99 (size before relaxing)
 .debug_str     0x000000000008817d      0x32c ./Core/Src/stm32f1xx_hal_msp.o
                                      0x840e7 (size before relaxing)
 .debug_str     0x00000000000884a9       0xdf ./Core/Src/stm32f1xx_it.o
                                      0x83d9b (size before relaxing)
 .debug_str     0x0000000000088588      0x4e9 ./Core/Src/sysmem.o
                                       0x6250 (size before relaxing)
 .debug_str     0x0000000000088a71       0x52 ./Core/Src/system_stm32f1xx.o
                                      0x83448 (size before relaxing)
 .debug_str     0x0000000000088ac3       0x36 ./Core/Startup/startup_stm32f103rbtx.o
                                         0x64 (size before relaxing)
 .debug_str     0x0000000000088af9      0x304 ./Drivers/STM32F1xx_HAL_Driver/Src/stm32f1xx_hal.o
                                      0x83ad9 (size before relaxing)
 .debug_str     0x0000000000088dfd      0x300 ./Drivers/STM32F1xx_HAL_Driver/Src/stm32f1xx_hal_cortex.o
                                      0x83ae1 (size before relaxing)
 .debug_str     0x00000000000890fd      0x230 ./Drivers/STM32F1xx_HAL_Driver/Src/stm32f1xx_hal_dma.o
                                      0x83823 (size before relaxing)
 .debug_str     0x000000000008932d      0x31f ./Drivers/STM32F1xx_HAL_Driver/Src/stm32f1xx_hal_gpio.o
                                      0x8380c (size before relaxing)
 .debug_str     0x000000000008964c      0x24f ./Drivers/STM32F1xx_HAL_Driver/Src/stm32f1xx_hal_rcc.o
                                      0x83845 (size before relaxing)
 .debug_str     0x000000000008989b      0xd68 ./Drivers/STM32F1xx_HAL_Driver/Src/stm32f1xx_hal_tim.o
                                      0x84817 (size before relaxing)
 .debug_str     0x000000000008a603      0x4ee ./Drivers/STM32F1xx_HAL_Driver/Src/stm32f1xx_hal_tim_ex.o
                                      0x83fc8 (size before relaxing)
 .debug_str     0x000000000008aaf1      0x5d5 ./Drivers/STM32F1xx_HAL_Driver/Src/stm32f1xx_hal_uart.o
                                      0x83e37 (size before relaxing)

.comment        0x0000000000000000       0x53
 .comment       0x0000000000000000       0x53 ./Core/Src/Display.o
                                         0x54 (size before relaxing)
 .comment       0x0000000000000053       0x54 ./Core/Src/Software_timer.o
 .comment       0x0000000000000053       0x54 ./Core/Src/button.o
 .comment       0x0000000000000053       0x54 ./Core/Src/fsm_automatic.o
 .comment       0x0000000000000053       0x54 ./Core/Src/fsm_manual.o
 .comment       0x0000000000000053       0x54 ./Core/Src/global.o
 .comment       0x0000000000000053       0x54 ./Core/Src/main.o
 .comment       0x0000000000000053       0x54 ./Core/Src/modification_mode.o
 .comment       0x0000000000000053       0x54 ./Core/Src/stm32f1xx_hal_msp.o
 .comment       0x0000000000000053       0x54 ./Core/Src/stm32f1xx_it.o
 .comment       0x0000000000000053       0x54 ./Core/Src/sysmem.o
 .comment       0x0000000000000053       0x54 ./Core/Src/system_stm32f1xx.o
 .comment       0x0000000000000053       0x54 ./Drivers/STM32F1xx_HAL_Driver/Src/stm32f1xx_hal.o
 .comment       0x0000000000000053       0x54 ./Drivers/STM32F1xx_HAL_Driver/Src/stm32f1xx_hal_cortex.o
 .comment       0x0000000000000053       0x54 ./Drivers/STM32F1xx_HAL_Driver/Src/stm32f1xx_hal_dma.o
 .comment       0x0000000000000053       0x54 ./Drivers/STM32F1xx_HAL_Driver/Src/stm32f1xx_hal_gpio.o
 .comment       0x0000000000000053       0x54 ./Drivers/STM32F1xx_HAL_Driver/Src/stm32f1xx_hal_rcc.o
 .comment       0x0000000000000053       0x54 ./Drivers/STM32F1xx_HAL_Driver/Src/stm32f1xx_hal_tim.o
 .comment       0x0000000000000053       0x54 ./Drivers/STM32F1xx_HAL_Driver/Src/stm32f1xx_hal_tim_ex.o
 .comment       0x0000000000000053       0x54 ./Drivers/STM32F1xx_HAL_Driver/Src/stm32f1xx_hal_uart.o

.debug_frame    0x0000000000000000     0x3ad0
 .debug_frame   0x0000000000000000      0x14c ./Core/Src/Display.o
 .debug_frame   0x000000000000014c       0xf8 ./Core/Src/Software_timer.o
 .debug_frame   0x0000000000000244       0xd0 ./Core/Src/button.o
 .debug_frame   0x0000000000000314       0x68 ./Core/Src/fsm_automatic.o
 .debug_frame   0x000000000000037c       0x2c ./Core/Src/fsm_manual.o
 .debug_frame   0x00000000000003a8       0xb0 ./Core/Src/global.o
 .debug_frame   0x0000000000000458      0x15c ./Core/Src/main.o
 .debug_frame   0x00000000000005b4       0x2c ./Core/Src/modification_mode.o
 .debug_frame   0x00000000000005e0       0xec ./Core/Src/stm32f1xx_hal_msp.o
 .debug_frame   0x00000000000006cc      0x13c ./Core/Src/stm32f1xx_it.o
 .debug_frame   0x0000000000000808       0x34 ./Core/Src/sysmem.o
 .debug_frame   0x000000000000083c       0x58 ./Core/Src/system_stm32f1xx.o
 .debug_frame   0x0000000000000894      0x334 ./Drivers/STM32F1xx_HAL_Driver/Src/stm32f1xx_hal.o
 .debug_frame   0x0000000000000bc8      0x428 ./Drivers/STM32F1xx_HAL_Driver/Src/stm32f1xx_hal_cortex.o
 .debug_frame   0x0000000000000ff0      0x208 ./Drivers/STM32F1xx_HAL_Driver/Src/stm32f1xx_hal_dma.o
 .debug_frame   0x00000000000011f8      0x14c ./Drivers/STM32F1xx_HAL_Driver/Src/stm32f1xx_hal_gpio.o
 .debug_frame   0x0000000000001344      0x21c ./Drivers/STM32F1xx_HAL_Driver/Src/stm32f1xx_hal_rcc.o
 .debug_frame   0x0000000000001560     0x11b8 ./Drivers/STM32F1xx_HAL_Driver/Src/stm32f1xx_hal_tim.o
 .debug_frame   0x0000000000002718      0x638 ./Drivers/STM32F1xx_HAL_Driver/Src/stm32f1xx_hal_tim_ex.o
 .debug_frame   0x0000000000002d50      0x914 ./Drivers/STM32F1xx_HAL_Driver/Src/stm32f1xx_hal_uart.o
 .debug_frame   0x0000000000003664       0x20 d:/tool/stm32cubeide_1.7.0/stm32/stm32cubeide_1.7.0/stm32cubeide/plugins/com.st.stm32cube.ide.mcu.externaltools.gnu-tools-for-stm32.9-2020-q2-update.win32_2.0.0.202105311346/tools/bin/../lib/gcc/arm-none-eabi/9.3.1/../../../../arm-none-eabi/lib/thumb/v7-m/nofp\libc_nano.a(lib_a-errno.o)
 .debug_frame   0x0000000000003684       0x2c d:/tool/stm32cubeide_1.7.0/stm32/stm32cubeide_1.7.0/stm32cubeide/plugins/com.st.stm32cube.ide.mcu.externaltools.gnu-tools-for-stm32.9-2020-q2-update.win32_2.0.0.202105311346/tools/bin/../lib/gcc/arm-none-eabi/9.3.1/../../../../arm-none-eabi/lib/thumb/v7-m/nofp\libc_nano.a(lib_a-init.o)
 .debug_frame   0x00000000000036b0       0x20 d:/tool/stm32cubeide_1.7.0/stm32/stm32cubeide_1.7.0/stm32cubeide/plugins/com.st.stm32cube.ide.mcu.externaltools.gnu-tools-for-stm32.9-2020-q2-update.win32_2.0.0.202105311346/tools/bin/../lib/gcc/arm-none-eabi/9.3.1/../../../../arm-none-eabi/lib/thumb/v7-m/nofp\libc_nano.a(lib_a-memset.o)
 .debug_frame   0x00000000000036d0       0x6c d:/tool/stm32cubeide_1.7.0/stm32/stm32cubeide_1.7.0/stm32cubeide/plugins/com.st.stm32cube.ide.mcu.externaltools.gnu-tools-for-stm32.9-2020-q2-update.win32_2.0.0.202105311346/tools/bin/../lib/gcc/arm-none-eabi/9.3.1/../../../../arm-none-eabi/lib/thumb/v7-m/nofp\libc_nano.a(lib_a-sprintf.o)
 .debug_frame   0x000000000000373c       0x90 d:/tool/stm32cubeide_1.7.0/stm32/stm32cubeide_1.7.0/stm32cubeide/plugins/com.st.stm32cube.ide.mcu.externaltools.gnu-tools-for-stm32.9-2020-q2-update.win32_2.0.0.202105311346/tools/bin/../lib/gcc/arm-none-eabi/9.3.1/../../../../arm-none-eabi/lib/thumb/v7-m/nofp\libc_nano.a(lib_a-nano-svfprintf.o)
 .debug_frame   0x00000000000037cc       0x60 d:/tool/stm32cubeide_1.7.0/stm32/stm32cubeide_1.7.0/stm32cubeide/plugins/com.st.stm32cube.ide.mcu.externaltools.gnu-tools-for-stm32.9-2020-q2-update.win32_2.0.0.202105311346/tools/bin/../lib/gcc/arm-none-eabi/9.3.1/../../../../arm-none-eabi/lib/thumb/v7-m/nofp\libc_nano.a(lib_a-nano-vfprintf_i.o)
 .debug_frame   0x000000000000382c       0x28 d:/tool/stm32cubeide_1.7.0/stm32/stm32cubeide_1.7.0/stm32cubeide/plugins/com.st.stm32cube.ide.mcu.externaltools.gnu-tools-for-stm32.9-2020-q2-update.win32_2.0.0.202105311346/tools/bin/../lib/gcc/arm-none-eabi/9.3.1/../../../../arm-none-eabi/lib/thumb/v7-m/nofp\libc_nano.a(lib_a-memchr-stub.o)
 .debug_frame   0x0000000000003854       0x28 d:/tool/stm32cubeide_1.7.0/stm32/stm32cubeide_1.7.0/stm32cubeide/plugins/com.st.stm32cube.ide.mcu.externaltools.gnu-tools-for-stm32.9-2020-q2-update.win32_2.0.0.202105311346/tools/bin/../lib/gcc/arm-none-eabi/9.3.1/../../../../arm-none-eabi/lib/thumb/v7-m/nofp\libc_nano.a(lib_a-memcpy-stub.o)
 .debug_frame   0x000000000000387c       0x28 d:/tool/stm32cubeide_1.7.0/stm32/stm32cubeide_1.7.0/stm32cubeide/plugins/com.st.stm32cube.ide.mcu.externaltools.gnu-tools-for-stm32.9-2020-q2-update.win32_2.0.0.202105311346/tools/bin/../lib/gcc/arm-none-eabi/9.3.1/../../../../arm-none-eabi/lib/thumb/v7-m/nofp\libc_nano.a(lib_a-memmove.o)
 .debug_frame   0x00000000000038a4       0x38 d:/tool/stm32cubeide_1.7.0/stm32/stm32cubeide_1.7.0/stm32cubeide/plugins/com.st.stm32cube.ide.mcu.externaltools.gnu-tools-for-stm32.9-2020-q2-update.win32_2.0.0.202105311346/tools/bin/../lib/gcc/arm-none-eabi/9.3.1/../../../../arm-none-eabi/lib/thumb/v7-m/nofp\libc_nano.a(lib_a-nano-freer.o)
 .debug_frame   0x00000000000038dc       0x30 d:/tool/stm32cubeide_1.7.0/stm32/stm32cubeide_1.7.0/stm32cubeide/plugins/com.st.stm32cube.ide.mcu.externaltools.gnu-tools-for-stm32.9-2020-q2-update.win32_2.0.0.202105311346/tools/bin/../lib/gcc/arm-none-eabi/9.3.1/../../../../arm-none-eabi/lib/thumb/v7-m/nofp\libc_nano.a(lib_a-nano-mallocr.o)
 .debug_frame   0x000000000000390c       0x3c d:/tool/stm32cubeide_1.7.0/stm32/stm32cubeide_1.7.0/stm32cubeide/plugins/com.st.stm32cube.ide.mcu.externaltools.gnu-tools-for-stm32.9-2020-q2-update.win32_2.0.0.202105311346/tools/bin/../lib/gcc/arm-none-eabi/9.3.1/../../../../arm-none-eabi/lib/thumb/v7-m/nofp\libc_nano.a(lib_a-nano-reallocr.o)
 .debug_frame   0x0000000000003948       0x2c d:/tool/stm32cubeide_1.7.0/stm32/stm32cubeide_1.7.0/stm32cubeide/plugins/com.st.stm32cube.ide.mcu.externaltools.gnu-tools-for-stm32.9-2020-q2-update.win32_2.0.0.202105311346/tools/bin/../lib/gcc/arm-none-eabi/9.3.1/../../../../arm-none-eabi/lib/thumb/v7-m/nofp\libc_nano.a(lib_a-sbrkr.o)
 .debug_frame   0x0000000000003974       0x30 d:/tool/stm32cubeide_1.7.0/stm32/stm32cubeide_1.7.0/stm32cubeide/plugins/com.st.stm32cube.ide.mcu.externaltools.gnu-tools-for-stm32.9-2020-q2-update.win32_2.0.0.202105311346/tools/bin/../lib/gcc/arm-none-eabi/9.3.1/../../../../arm-none-eabi/lib/thumb/v7-m/nofp\libc_nano.a(lib_a-mlock.o)
 .debug_frame   0x00000000000039a4       0x20 d:/tool/stm32cubeide_1.7.0/stm32/stm32cubeide_1.7.0/stm32cubeide/plugins/com.st.stm32cube.ide.mcu.externaltools.gnu-tools-for-stm32.9-2020-q2-update.win32_2.0.0.202105311346/tools/bin/../lib/gcc/arm-none-eabi/9.3.1/../../../../arm-none-eabi/lib/thumb/v7-m/nofp\libc_nano.a(lib_a-nano-msizer.o)
 .debug_frame   0x00000000000039c4       0x5c d:/tool/stm32cubeide_1.7.0/stm32/stm32cubeide_1.7.0/stm32cubeide/plugins/com.st.stm32cube.ide.mcu.externaltools.gnu-tools-for-stm32.9-2020-q2-update.win32_2.0.0.202105311346/tools/bin/../lib/gcc/arm-none-eabi/9.3.1/../../../../arm-none-eabi/lib/thumb/v7-m/nofp\libc_nano.a(lib_a-reent.o)
 .debug_frame   0x0000000000003a20       0xb0 d:/tool/stm32cubeide_1.7.0/stm32/stm32cubeide_1.7.0/stm32cubeide/plugins/com.st.stm32cube.ide.mcu.externaltools.gnu-tools-for-stm32.9-2020-q2-update.win32_2.0.0.202105311346/tools/bin/../lib/gcc/arm-none-eabi/9.3.1/../../../../arm-none-eabi/lib/thumb/v7-m/nofp\libc_nano.a(lib_a-lock.o)