18:57:42 **** Incremental Build of configuration Debug for project Assignment_VXL ****
make -j16 all 
arm-none-eabi-gcc "../Core/Src/fsm_automatic.c" -mcpu=cortex-m3 -std=gnu11 -g3 -DDEBUG -DUSE_HAL_DRIVER -DSTM32F103xB -c -I../Core/Inc -I../Drivers/STM32F1xx_HAL_Driver/Inc -I../Drivers/STM32F1xx_HAL_Driver/Inc/Legacy -I../Drivers/CMSIS/Device/ST/STM32F1xx/Include -I../Drivers/CMSIS/Include -O0 -ffunction-sections -fdata-sections -Wall -fstack-usage -MMD -MP -MF"Core/Src/fsm_automatic.d" -MT"Core/Src/fsm_automatic.o" --specs=nano.specs -mfloat-abi=soft -mthumb -o "Core/Src/fsm_automatic.o"
arm-none-eabi-gcc "../Core/Src/global.c" -mcpu=cortex-m3 -std=gnu11 -g3 -DDEBUG -DUSE_HAL_DRIVER -DSTM32F103xB -c -I../Core/Inc -I../Drivers/STM32F1xx_HAL_Driver/Inc -I../Drivers/STM32F1xx_HAL_Driver/Inc/Legacy -I../Drivers/CMSIS/Device/ST/STM32F1xx/Include -I../Drivers/CMSIS/Include -O0 -ffunction-sections -fdata-sections -Wall -fstack-usage -MMD -MP -MF"Core/Src/global.d" -MT"Core/Src/global.o" --specs=nano.specs -mfloat-abi=soft -mthumb -o "Core/Src/global.o"
arm-none-eabi-gcc "../Core/Src/main.c" -mcpu=cortex-m3 -std=gnu11 -g3 -DDEBUG -DUSE_HAL_DRIVER -DSTM32F103xB -c -I../Core/Inc -I../Drivers/STM32F1xx_HAL_Driver/Inc -I../Drivers/STM32F1xx_HAL_Driver/Inc/Legacy -I../Drivers/CMSIS/Device/ST/STM32F1xx/Include -I../Drivers/CMSIS/Include -O0 -ffunction-sections -fdata-sections -Wall -fstack-usage -MMD -MP -MF"Core/Src/main.d" -MT"Core/Src/main.o" --specs=nano.specs -mfloat-abi=soft -mthumb -o "Core/Src/main.o"
arm-none-eabi-gcc -o "Assignment_VXL.elf" @"objects.list"   -mcpu=cortex-m3 -T"D:\Tai lieu BK\File TN\Vi xu ly\PWM\PWM\STM32F103RBTX_FLASH.ld" --specs=nosys.specs -Wl,-Map="Assignment_VXL.map" -Wl,--gc-sections -static --specs=nano.specs -mfloat-abi=soft -mthumb -Wl,--start-group -lc -lm -Wl,--end-group
Finished building target: Assignment_VXL.elf
 
arm-none-eabi-size   Assignment_VXL.elf 
arm-none-eabi-objdump -h -S  Assignment_VXL.elf  > "Assignment_VXL.list"
arm-none-eabi-objcopy  -O ihex  Assignment_VXL.elf  "Assignment_VXL.hex"
   text	   data	    bss	    dec	    hex	filename
  21320	    132	   2052	  23504	   5bd0	Assignment_VXL.elf
arm-none-eabi-objcopy  -O binary  Assignment_VXL.elf  "Assignment_VXL.bin"
Finished building: default.size.stdout
 
Finished building: Assignment_VXL.hex
Finished building: Assignment_VXL.bin
 
 
Finished building: Assignment_VXL.list
 

18:57:43 Build Finished. 0 errors, 0 warnings. (took 708ms)

